 
****************************************
Report : resources
Design : m177_fc2_indexed_nonzero96_k4_replay_frontend
Version: V-2023.12-SP3
Date   : Mon Aug 24 22:42:49 2026
****************************************


Resource Report for this hierarchy in file
        /home/zhumd/work/sdformer_codex/SDformer/hw_autoresearch_nts07/rtl_m177/m177_fc2_indexed_nonzero96_k4_replay_frontend.sv
=============================================================================
| Cell           | Module         | Parameters | Contained Operations       |
=============================================================================
| add_x_1        | DW01_add       | width=9    | add_121 (m177_fc2_indexed_nonzero96_k4_replay_frontend.sv:121) |
| add_x_4        | DW01_inc       | width=8    | add_88_C139 (m177_fc2_indexed_nonzero96_k4_replay_frontend.sv:88) |
| add_x_6        | DW01_inc       | width=8    | add_88_C139_I2 (m177_fc2_indexed_nonzero96_k4_replay_frontend.sv:88) |
| add_x_8        | DW01_inc       | width=8    | add_88_C139_I3 (m177_fc2_indexed_nonzero96_k4_replay_frontend.sv:88) |
| add_x_10       | DW01_inc       | width=8    | add_88_C139_I4 (m177_fc2_indexed_nonzero96_k4_replay_frontend.sv:88) |
| gt_x_588       | DW_cmp         | width=5    | gt_175 (m177_fc2_indexed_nonzero96_k4_replay_frontend.sv:175) |
| eq_x_589       | DW_cmp         | width=24   | eq_178 (m177_fc2_indexed_nonzero96_k4_replay_frontend.sv:178) |
| eq_x_590       | DW_cmp         | width=4    | eq_178_2 (m177_fc2_indexed_nonzero96_k4_replay_frontend.sv:178) |
| DP_OP_1085J1_122_1512           |            |                            |
|                | DP_OP_1085J1_122_1512 |     |                            |
| DP_OP_1086J1_123_1491           |            |                            |
|                | DP_OP_1086J1_123_1491 |     |                            |
| DP_OP_1087J1_124_1491           |            |                            |
|                | DP_OP_1087J1_124_1491 |     |                            |
| DP_OP_1088J1_125_1491           |            |                            |
|                | DP_OP_1088J1_125_1491 |     |                            |
| DP_OP_1089J1_126_1491           |            |                            |
|                | DP_OP_1089J1_126_1491 |     |                            |
| add_x_679      | DW01_add       | width=2    | add_150_I2_aco (m177_fc2_indexed_nonzero96_k4_replay_frontend.sv:150) |
|   | add_150_I3_aco (m177_fc2_indexed_nonzero96_k4_replay_frontend.sv:150) |
|   | add_150_I4_aco (m177_fc2_indexed_nonzero96_k4_replay_frontend.sv:150) |
| add_x_680      | DW01_add       | width=2    | add_150_I2_aco (m177_fc2_indexed_nonzero96_k4_replay_frontend.sv:150) |
|   | add_150_I3_aco (m177_fc2_indexed_nonzero96_k4_replay_frontend.sv:150) |
|   | add_150_I4_aco (m177_fc2_indexed_nonzero96_k4_replay_frontend.sv:150) |
| add_x_681      | DW01_add       | width=3    | add_150_I2_aco (m177_fc2_indexed_nonzero96_k4_replay_frontend.sv:150) |
|   | add_150_I3_aco (m177_fc2_indexed_nonzero96_k4_replay_frontend.sv:150) |
|   | add_150_I4_aco (m177_fc2_indexed_nonzero96_k4_replay_frontend.sv:150) |
=============================================================================

Datapath Report for DP_OP_1085J1_122_1512
==============================================================================
| Cell                 | Contained Operations                                |
==============================================================================
| DP_OP_1085J1_122_1512 | add_190 (m177_fc2_indexed_nonzero96_k4_replay_frontend.sv:190) |
           | add_291 (m177_fc2_indexed_nonzero96_k4_replay_frontend.sv:291) |
            | eq_190 (m177_fc2_indexed_nonzero96_k4_replay_frontend.sv:190) |
==============================================================================

==============================================================================
|       |      | Data     |       |                                          |
| Var   | Type | Class    | Width | Expression                               |
==============================================================================
| I1    | PI   | Unsigned | 3     |                                          |
| I2    | PI   | Unsigned | 4     |                                          |
| O1    | PO   | Unsigned | 4     | I1 + $unsigned(1'b1) ( m177_fc2_indexed_nonzero96_k4_replay_frontend.sv:190 m177_fc2_indexed_nonzero96_k4_replay_frontend.sv:291 ) |
| O2    | PO   | Unsigned | 1     | O1 == I2 (m177_fc2_indexed_nonzero96_k4_replay_frontend.sv:190) |
==============================================================================

Datapath Report for DP_OP_1086J1_123_1491
==============================================================================
| Cell                 | Contained Operations                                |
==============================================================================
| DP_OP_1086J1_123_1491 | add_148 (m177_fc2_indexed_nonzero96_k4_replay_frontend.sv:148) |
           | add_148_2 (m177_fc2_indexed_nonzero96_k4_replay_frontend.sv:148) |
==============================================================================

==============================================================================
|       |      | Data     |       |                                          |
| Var   | Type | Class    | Width | Expression                               |
==============================================================================
| I1    | PI   | Unsigned | 9     |                                          |
| I2    | PI   | Unsigned | 4     |                                          |
| I3    | PI   | Unsigned | 3     |                                          |
| T4    | IFO  | Unsigned | 9     | I1 + I2 (m177_fc2_indexed_nonzero96_k4_replay_frontend.sv:148) |
| T640  | IFO  | Unsigned | 12    | T4 << 3                                  |
| O1    | PO   | Unsigned | 12    | T640 + I3 (m177_fc2_indexed_nonzero96_k4_replay_frontend.sv:148) |
==============================================================================

Datapath Report for DP_OP_1087J1_124_1491
==============================================================================
| Cell                 | Contained Operations                                |
==============================================================================
| DP_OP_1087J1_124_1491 | add_148_I2 (m177_fc2_indexed_nonzero96_k4_replay_frontend.sv:148) |
        | add_148_2_I2 (m177_fc2_indexed_nonzero96_k4_replay_frontend.sv:148) |
==============================================================================

==============================================================================
|       |      | Data     |       |                                          |
| Var   | Type | Class    | Width | Expression                               |
==============================================================================
| I1    | PI   | Unsigned | 9     |                                          |
| I2    | PI   | Unsigned | 4     |                                          |
| I3    | PI   | Unsigned | 3     |                                          |
| T8    | IFO  | Unsigned | 9     | I1 + I2 (m177_fc2_indexed_nonzero96_k4_replay_frontend.sv:148) |
| T643  | IFO  | Unsigned | 12    | T8 << 3                                  |
| O1    | PO   | Unsigned | 12    | T643 + I3 (m177_fc2_indexed_nonzero96_k4_replay_frontend.sv:148) |
==============================================================================

Datapath Report for DP_OP_1088J1_125_1491
==============================================================================
| Cell                 | Contained Operations                                |
==============================================================================
| DP_OP_1088J1_125_1491 | add_148_I3 (m177_fc2_indexed_nonzero96_k4_replay_frontend.sv:148) |
        | add_148_2_I3 (m177_fc2_indexed_nonzero96_k4_replay_frontend.sv:148) |
==============================================================================

==============================================================================
|       |      | Data     |       |                                          |
| Var   | Type | Class    | Width | Expression                               |
==============================================================================
| I1    | PI   | Unsigned | 9     |                                          |
| I2    | PI   | Unsigned | 4     |                                          |
| I3    | PI   | Unsigned | 3     |                                          |
| T13   | IFO  | Unsigned | 9     | I1 + I2 (m177_fc2_indexed_nonzero96_k4_replay_frontend.sv:148) |
| T648  | IFO  | Unsigned | 12    | T13 << 3                                 |
| O1    | PO   | Unsigned | 12    | T648 + I3 (m177_fc2_indexed_nonzero96_k4_replay_frontend.sv:148) |
==============================================================================

Datapath Report for DP_OP_1089J1_126_1491
==============================================================================
| Cell                 | Contained Operations                                |
==============================================================================
| DP_OP_1089J1_126_1491 | add_148_I4 (m177_fc2_indexed_nonzero96_k4_replay_frontend.sv:148) |
        | add_148_2_I4 (m177_fc2_indexed_nonzero96_k4_replay_frontend.sv:148) |
==============================================================================

==============================================================================
|       |      | Data     |       |                                          |
| Var   | Type | Class    | Width | Expression                               |
==============================================================================
| I1    | PI   | Unsigned | 9     |                                          |
| I2    | PI   | Unsigned | 4     |                                          |
| I3    | PI   | Unsigned | 3     |                                          |
| T18   | IFO  | Unsigned | 9     | I1 + I2 (m177_fc2_indexed_nonzero96_k4_replay_frontend.sv:148) |
| T652  | IFO  | Unsigned | 12    | T18 << 3                                 |
| O1    | PO   | Unsigned | 12    | T652 + I3 (m177_fc2_indexed_nonzero96_k4_replay_frontend.sv:148) |
==============================================================================


Implementation Report
===============================================================================
|                    |                  | Current            | Set            |
| Cell               | Module           | Implementation     | Implementation |
===============================================================================
| add_x_1            | DW01_add         | apparch (area)     |                |
| add_x_4            | DW01_inc         | apparch (area)     |                |
| add_x_6            | DW01_inc         | apparch (area)     |                |
| add_x_8            | DW01_inc         | apparch (area)     |                |
| add_x_10           | DW01_inc         | apparch (area)     |                |
| gt_x_588           | DW_cmp           | apparch (area)     |                |
| eq_x_589           | DW_cmp           | apparch (area)     |                |
| eq_x_590           | DW_cmp           | apparch (area)     |                |
| add_x_679          | DW01_add         | apparch (area)     |                |
| add_x_680          | DW01_add         | apparch (area)     |                |
| add_x_681          | DW01_add         | apparch (area)     |                |
| DP_OP_1085J1_122_1512                 |                    |                |
|                    | DP_OP_1085J1_122_1512 | str (area)    |                |
| DP_OP_1086J1_123_1491                 |                    |                |
|                    | DP_OP_1086J1_123_1491 | str (area)    |                |
| DP_OP_1087J1_124_1491                 |                    |                |
|                    | DP_OP_1087J1_124_1491 | str (area)    |                |
| DP_OP_1088J1_125_1491                 |                    |                |
|                    | DP_OP_1088J1_125_1491 | str (area)    |                |
| DP_OP_1089J1_126_1491                 |                    |                |
|                    | DP_OP_1089J1_126_1491 | str (area)    |                |
===============================================================================

1
