 
****************************************
Report : area
Design : m229_fc1_dual_held_prefetch_replay_island_FANOUT1
Version: V-2023.12-SP3
Date   : Tue Aug 25 12:04:16 2026
****************************************

Library(s) Used:

    tcbn28hpcplusbwp35p140ssg0p9v125c (File: /opt/tech/tsmc28/StandardCell/tcbn28hpcplusbwp35p140_190a/TSMCHOME/digital/Front_End/timing_power_noise/NLDM/tcbn28hpcplusbwp35p140_180a/tcbn28hpcplusbwp35p140ssg0p9v125c.db)

Number of ports:                         4813
Number of nets:                         22944
Number of cells:                        18403
Number of combinational cells:          15001
Number of sequential cells:              3402
Number of macros/black boxes:               0
Number of buf/inv:                       3784
Number of references:                      69

Combinational area:              11360.789870
Buf/Inv area:                     1381.589972
Noncombinational area:            6858.432110
Macro/Black Box area:                0.000000
Net Interconnect area:      undefined  (Wire load has zero net area)

Total cell area:                 18219.221980
Total area:                 undefined

Hierarchical area distribution
------------------------------

                                  Global cell area            Local cell area
                                  -------------------  ----------------------------- 
Hierarchical cell                 Absolute    Percent  Combi-      Noncombi-  Black-
                                  Total       Total    national    national   boxes   Design
--------------------------------  ----------  -------  ----------  ---------  ------  ---------
m229_fc1_dual_held_prefetch_replay_island_FANOUT1
                                  18219.2220    100.0  11360.7899  6858.4321  0.0000  m229_fc1_dual_held_prefetch_replay_island_FANOUT1
--------------------------------  ----------  -------  ----------  ---------  ------  ---------
Total                                                  11360.7899  6858.4321  0.0000

1
