Information: Checking 'out_of_table_range'.
  ramp 0.00000000 at pin 'CDN' of cell 'u_adapter_fifo_low_q_reg_0__561_' is out of ramp range (0.00180000, 0.56419998) of lib_cell 'DFCNQD1BWP35P140'
  ramp 0.00000000 at pin 'I' of cell 'U10556' is out of ramp range (0.00180000, 0.56419998) of lib_cell 'CKND0BWP35P140'
  ramp 0.00000000 at pin 'CDN' of cell 'u_adapter_fifo_low_q_reg_0__595_' is out of ramp range (0.00180000, 0.56419998) of lib_cell 'DFCNQD1BWP35P140'
  ramp 0.00000000 at pin 'CDN' of cell 'u_adapter_fifo_low_q_reg_1__670_' is out of ramp range (0.00180000, 0.56419998) of lib_cell 'DFCNQD1BWP35P140'
  ramp 0.00000000 at pin 'CDN' of cell 'u_adapter_fifo_low_q_reg_1__673_' is out of ramp range (0.00180000, 0.56419998) of lib_cell 'DFCNQD1BWP35P140'
  ramp 0.00000000 at pin 'CDN' of cell 'u_adapter_fifo_low_q_reg_1__675_' is out of ramp range (0.00180000, 0.56419998) of lib_cell 'DFCNQD1BWP35P140'
  ramp 0.00000000 at pin 'CDN' of cell 'u_adapter_fifo_low_q_reg_1__710_' is out of ramp range (0.00180000, 0.56419998) of lib_cell 'DFCNQD1BWP35P140'
  ramp 0.00000000 at pin 'CDN' of cell 'u_adapter_fifo_low_q_reg_1__733_' is out of ramp range (0.00180000, 0.56419998) of lib_cell 'DFCNQD1BWP35P140'
  ramp 0.00000000 at pin 'CDN' of cell 'u_adapter_fifo_low_q_reg_1__735_' is out of ramp range (0.00180000, 0.56419998) of lib_cell 'DFCNQD1BWP35P140'
  ramp 0.00000000 at pin 'CDN' of cell 'u_adapter_fifo_low_q_reg_1__737_' is out of ramp range (0.00180000, 0.56419998) of lib_cell 'DFCNQD1BWP35P140'
  ramp 0.00000000 at pin 'CDN' of cell 'u_adapter_fifo_low_q_reg_1__739_' is out of ramp range (0.00180000, 0.56419998) of lib_cell 'DFCNQD1BWP35P140'
  ramp 0.00000000 at pin 'CDN' of cell 'u_adapter_fifo_low_q_reg_1__740_' is out of ramp range (0.00180000, 0.56419998) of lib_cell 'DFCNQD1BWP35P140'
  ramp 0.00000000 at pin 'CDN' of cell 'u_adapter_fifo_low_q_reg_1__741_' is out of ramp range (0.00180000, 0.56419998) of lib_cell 'DFCNQD1BWP35P140'
  ramp 0.00000000 at pin 'CDN' of cell 'u_adapter_fifo_low_q_reg_0__257_' is out of ramp range (0.00180000, 0.56419998) of lib_cell 'DFCNQD1BWP35P140'
  ramp 0.00000000 at pin 'CDN' of cell 'u_adapter_fifo_tag_q_reg_1__13_' is out of ramp range (0.00180000, 0.56419998) of lib_cell 'DFCNQD1BWP35P140'
  ramp 0.00000000 at pin 'CDN' of cell 'u_adapter_fifo_low_q_reg_0__702_' is out of ramp range (0.00180000, 0.56419998) of lib_cell 'DFCNQD1BWP35P140'
  ramp 0.00000000 at pin 'CDN' of cell 'u_adapter_fifo_low_q_reg_0__286_' is out of ramp range (0.00180000, 0.56419998) of lib_cell 'DFCNQD1BWP35P140'
  ramp 0.00000000 at pin 'CDN' of cell 'u_adapter_fifo_low_q_reg_0__106_' is out of ramp range (0.00180000, 0.56419998) of lib_cell 'DFCNQD1BWP35P140'
  ramp 0.00000000 at pin 'CDN' of cell 'u_adapter_fifo_low_q_reg_0__544_' is out of ramp range (0.00180000, 0.56419998) of lib_cell 'DFCNQD1BWP35P140'
  ramp 0.00000000 at pin 'CDN' of cell 'u_adapter_fifo_low_q_reg_0__549_' is out of ramp range (0.00180000, 0.56419998) of lib_cell 'DFCNQD1BWP35P140'
Warning: There are 20 out_of_range ramps.
Information: Checking 'missing_table'.
Information: Checking 'missing_function'.
0
