 
****************************************
Report : qor
Design : m212_fc2_raw4_to_terminal_close_frontend
Version: V-2023.12-SP3
Date   : Tue Aug 25 06:23:30 2026
****************************************


  Timing Path Group 'core_clk'
  -----------------------------------
  Levels of Logic:              79.00
  Critical Path Length:          2.52
  Critical Path Slack:           0.00
  Critical Path Clk Period:      3.00
  Total Negative Slack:          0.00
  No. of Violating Paths:        0.00
  Worst Hold Violation:          0.00
  Total Hold Violation:          0.00
  No. of Hold Violations:        0.00
  -----------------------------------


  Cell Count
  -----------------------------------
  Hierarchical Cell Count:          0
  Hierarchical Port Count:          0
  Leaf Cell Count:              30535
  Buf/Inv Cell Count:            4075
  Buf Cell Count:                 226
  Inv Cell Count:                3849
  CT Buf/Inv Cell Count:            0
  Combinational Cell Count:     27762
  Sequential Cell Count:         2773
  Macro Count:                      0
  -----------------------------------


  Area
  -----------------------------------
  Combinational Area:    15029.910000
  Noncombinational Area:  5590.872090
  Buf/Inv Area:           1056.636013
  Total Buffer Area:            85.43
  Total Inverter Area:         971.21
  Macro/Black Box Area:      0.000000
  Net Area:                  0.000000
  -----------------------------------
  Cell Area:             20620.782090
  Design Area:           20620.782090


  Design Rules
  -----------------------------------
  Total Number of Nets:         31253
  Nets With Violations:             0
  Max Trans Violations:             0
  Max Cap Violations:               0
  -----------------------------------


  Hostname: ic.ismd-nemo

  Compile CPU Statistics
  -----------------------------------------
  Resource Sharing:                    0.01
  Logic Optimization:                  0.70
  Mapping Optimization:                7.20
  -----------------------------------------
  Overall Compile Time:               16.71
  Overall Compile Wall Clock Time:    17.24

  --------------------------------------------------------------------

  Design  WNS: 0.00  TNS: 0.00  Number of Violating Paths: 0


  Design (Hold)  WNS: 0.00  TNS: 0.00  Number of Violating Paths: 0

  --------------------------------------------------------------------


1
