 
****************************************
check_design summary:
Version:     V-2023.12-SP3
Date:        Mon Aug 24 18:21:34 2026
****************************************

                   Name                                            Total
--------------------------------------------------------------------------------
Cells                                                             123
    Cells do not drive (LINT-1)                                   123
--------------------------------------------------------------------------------

Warning: In design 'm163_q8_dynamic_bn_rank3_frontend', cell 'C56182' does not drive any nets. (LINT-1)
Warning: In design 'm163_q8_dynamic_bn_rank3_frontend', cell 'C56286' does not drive any nets. (LINT-1)
Warning: In design 'm163_q8_dynamic_bn_rank3_frontend', cell 'C56300' does not drive any nets. (LINT-1)
Warning: In design 'm163_q8_dynamic_bn_rank3_frontend', cell 'C56303' does not drive any nets. (LINT-1)
Warning: In design 'm163_q8_dynamic_bn_rank3_frontend', cell 'C56334' does not drive any nets. (LINT-1)
Warning: In design 'm163_q8_dynamic_bn_rank3_frontend', cell 'C56338' does not drive any nets. (LINT-1)
Warning: In design 'm163_q8_dynamic_bn_rank3_frontend', cell 'C56352' does not drive any nets. (LINT-1)
Warning: In design 'm163_q8_dynamic_bn_rank3_frontend', cell 'C56355' does not drive any nets. (LINT-1)
Warning: In design 'm163_q8_dynamic_bn_rank3_frontend', cell 'C56386' does not drive any nets. (LINT-1)
Warning: In design 'm163_q8_dynamic_bn_rank3_frontend', cell 'C56390' does not drive any nets. (LINT-1)
Warning: In design 'm163_q8_dynamic_bn_rank3_frontend', cell 'C56404' does not drive any nets. (LINT-1)
Warning: In design 'm163_q8_dynamic_bn_rank3_frontend', cell 'C56407' does not drive any nets. (LINT-1)
Warning: In design 'm163_q8_dynamic_bn_rank3_frontend', cell 'C56438' does not drive any nets. (LINT-1)
Warning: In design 'm163_q8_dynamic_bn_rank3_frontend', cell 'C56442' does not drive any nets. (LINT-1)
Warning: In design 'm163_q8_dynamic_bn_rank3_frontend', cell 'C56456' does not drive any nets. (LINT-1)
Warning: In design 'm163_q8_dynamic_bn_rank3_frontend', cell 'C56459' does not drive any nets. (LINT-1)
Warning: In design 'm163_q8_dynamic_bn_rank3_frontend', cell 'C56490' does not drive any nets. (LINT-1)
Warning: In design 'm163_q8_dynamic_bn_rank3_frontend', cell 'C56494' does not drive any nets. (LINT-1)
Warning: In design 'm163_q8_dynamic_bn_rank3_frontend', cell 'C56508' does not drive any nets. (LINT-1)
Warning: In design 'm163_q8_dynamic_bn_rank3_frontend', cell 'C56511' does not drive any nets. (LINT-1)
Warning: In design 'm163_q8_dynamic_bn_rank3_frontend', cell 'C56542' does not drive any nets. (LINT-1)
Warning: In design 'm163_q8_dynamic_bn_rank3_frontend', cell 'C56546' does not drive any nets. (LINT-1)
Warning: In design 'm163_q8_dynamic_bn_rank3_frontend', cell 'C56560' does not drive any nets. (LINT-1)
Warning: In design 'm163_q8_dynamic_bn_rank3_frontend', cell 'C56563' does not drive any nets. (LINT-1)
Warning: In design 'm163_q8_dynamic_bn_rank3_frontend', cell 'C56594' does not drive any nets. (LINT-1)
Warning: In design 'm163_q8_dynamic_bn_rank3_frontend', cell 'C56598' does not drive any nets. (LINT-1)
Warning: In design 'm163_q8_dynamic_bn_rank3_frontend', cell 'C56612' does not drive any nets. (LINT-1)
Warning: In design 'm163_q8_dynamic_bn_rank3_frontend', cell 'C56615' does not drive any nets. (LINT-1)
Warning: In design 'm163_q8_dynamic_bn_rank3_frontend', cell 'C56646' does not drive any nets. (LINT-1)
Warning: In design 'm163_q8_dynamic_bn_rank3_frontend', cell 'C56650' does not drive any nets. (LINT-1)
Warning: In design 'm163_q8_dynamic_bn_rank3_frontend', cell 'C56664' does not drive any nets. (LINT-1)
Warning: In design 'm163_q8_dynamic_bn_rank3_frontend', cell 'C56667' does not drive any nets. (LINT-1)
Warning: In design 'm163_q8_dynamic_bn_rank3_frontend', cell 'C56698' does not drive any nets. (LINT-1)
Warning: In design 'm163_q8_dynamic_bn_rank3_frontend', cell 'C56702' does not drive any nets. (LINT-1)
Warning: In design 'm163_q8_dynamic_bn_rank3_frontend', cell 'C56716' does not drive any nets. (LINT-1)
Warning: In design 'm163_q8_dynamic_bn_rank3_frontend', cell 'C56719' does not drive any nets. (LINT-1)
Warning: In design 'm163_q8_dynamic_bn_rank3_frontend', cell 'C56750' does not drive any nets. (LINT-1)
Warning: In design 'm163_q8_dynamic_bn_rank3_frontend', cell 'C56754' does not drive any nets. (LINT-1)
Warning: In design 'm163_q8_dynamic_bn_rank3_frontend', cell 'C56768' does not drive any nets. (LINT-1)
Warning: In design 'm163_q8_dynamic_bn_rank3_frontend', cell 'C56771' does not drive any nets. (LINT-1)
Warning: In design 'm163_q8_dynamic_bn_rank3_frontend', cell 'C56802' does not drive any nets. (LINT-1)
Warning: In design 'm163_q8_dynamic_bn_rank3_frontend', cell 'C56806' does not drive any nets. (LINT-1)
Warning: In design 'm163_q8_dynamic_bn_rank3_frontend', cell 'C56820' does not drive any nets. (LINT-1)
Warning: In design 'm163_q8_dynamic_bn_rank3_frontend', cell 'C56823' does not drive any nets. (LINT-1)
Warning: In design 'm163_q8_dynamic_bn_rank3_frontend', cell 'C56854' does not drive any nets. (LINT-1)
Warning: In design 'm163_q8_dynamic_bn_rank3_frontend', cell 'C56858' does not drive any nets. (LINT-1)
Warning: In design 'm163_q8_dynamic_bn_rank3_frontend', cell 'C56872' does not drive any nets. (LINT-1)
Warning: In design 'm163_q8_dynamic_bn_rank3_frontend', cell 'C56875' does not drive any nets. (LINT-1)
Warning: In design 'm163_q8_dynamic_bn_rank3_frontend', cell 'C56906' does not drive any nets. (LINT-1)
Warning: In design 'm163_q8_dynamic_bn_rank3_frontend', cell 'C56910' does not drive any nets. (LINT-1)
Warning: In design 'm163_q8_dynamic_bn_rank3_frontend', cell 'C56924' does not drive any nets. (LINT-1)
Warning: In design 'm163_q8_dynamic_bn_rank3_frontend', cell 'C56927' does not drive any nets. (LINT-1)
Warning: In design 'm163_q8_dynamic_bn_rank3_frontend', cell 'C56958' does not drive any nets. (LINT-1)
Warning: In design 'm163_q8_dynamic_bn_rank3_frontend', cell 'C56962' does not drive any nets. (LINT-1)
Warning: In design 'm163_q8_dynamic_bn_rank3_frontend', cell 'C56976' does not drive any nets. (LINT-1)
Warning: In design 'm163_q8_dynamic_bn_rank3_frontend', cell 'C56979' does not drive any nets. (LINT-1)
Warning: In design 'm163_q8_dynamic_bn_rank3_frontend', cell 'C57010' does not drive any nets. (LINT-1)
Warning: In design 'm163_q8_dynamic_bn_rank3_frontend', cell 'C57014' does not drive any nets. (LINT-1)
Warning: In design 'm163_q8_dynamic_bn_rank3_frontend', cell 'C57028' does not drive any nets. (LINT-1)
Warning: In design 'm163_q8_dynamic_bn_rank3_frontend', cell 'C57031' does not drive any nets. (LINT-1)
Warning: In design 'm163_q8_dynamic_bn_rank3_frontend', cell 'C57062' does not drive any nets. (LINT-1)
Warning: In design 'm163_q8_dynamic_bn_rank3_frontend', cell 'C57066' does not drive any nets. (LINT-1)
Warning: In design 'm163_q8_dynamic_bn_rank3_frontend', cell 'C57080' does not drive any nets. (LINT-1)
Warning: In design 'm163_q8_dynamic_bn_rank3_frontend', cell 'C57083' does not drive any nets. (LINT-1)
Warning: In design 'm163_q8_dynamic_bn_rank3_frontend', cell 'C57114' does not drive any nets. (LINT-1)
Warning: In design 'm163_q8_dynamic_bn_rank3_frontend', cell 'C57118' does not drive any nets. (LINT-1)
Warning: In design 'm163_q8_dynamic_bn_rank3_frontend', cell 'C57131' does not drive any nets. (LINT-1)
Warning: In design 'm163_q8_dynamic_bn_rank3_frontend', cell 'C57142' does not drive any nets. (LINT-1)
Warning: In design 'm163_q8_dynamic_bn_rank3_frontend', cell 'C57143' does not drive any nets. (LINT-1)
Warning: In design 'm163_q8_dynamic_bn_rank3_frontend', cell 'C57155' does not drive any nets. (LINT-1)
Warning: In design 'm163_q8_dynamic_bn_rank3_frontend', cell 'C57156' does not drive any nets. (LINT-1)
Warning: In design 'm163_q8_dynamic_bn_rank3_frontend', cell 'C57163' does not drive any nets. (LINT-1)
Warning: In design 'm163_q8_dynamic_bn_rank3_frontend', cell 'C57198' does not drive any nets. (LINT-1)
Warning: In design 'm163_q8_dynamic_bn_rank3_frontend', cell 'C57199' does not drive any nets. (LINT-1)
Warning: In design 'm163_q8_dynamic_bn_rank3_frontend', cell 'C57200' does not drive any nets. (LINT-1)
Warning: In design 'm163_q8_dynamic_bn_rank3_frontend', cell 'C57201' does not drive any nets. (LINT-1)
Warning: In design 'm163_q8_dynamic_bn_rank3_frontend', cell 'C57202' does not drive any nets. (LINT-1)
Warning: In design 'm163_q8_dynamic_bn_rank3_frontend', cell 'C57203' does not drive any nets. (LINT-1)
Warning: In design 'm163_q8_dynamic_bn_rank3_frontend', cell 'C57204' does not drive any nets. (LINT-1)
Warning: In design 'm163_q8_dynamic_bn_rank3_frontend', cell 'C57205' does not drive any nets. (LINT-1)
Warning: In design 'm163_q8_dynamic_bn_rank3_frontend', cell 'C57206' does not drive any nets. (LINT-1)
Warning: In design 'm163_q8_dynamic_bn_rank3_frontend', cell 'C57207' does not drive any nets. (LINT-1)
Warning: In design 'm163_q8_dynamic_bn_rank3_frontend', cell 'C57208' does not drive any nets. (LINT-1)
Warning: In design 'm163_q8_dynamic_bn_rank3_frontend', cell 'C57209' does not drive any nets. (LINT-1)
Warning: In design 'm163_q8_dynamic_bn_rank3_frontend', cell 'C57210' does not drive any nets. (LINT-1)
Warning: In design 'm163_q8_dynamic_bn_rank3_frontend', cell 'C57211' does not drive any nets. (LINT-1)
Warning: In design 'm163_q8_dynamic_bn_rank3_frontend', cell 'C57212' does not drive any nets. (LINT-1)
Warning: In design 'm163_q8_dynamic_bn_rank3_frontend', cell 'C57213' does not drive any nets. (LINT-1)
Warning: In design 'm163_q8_dynamic_bn_rank3_frontend', cell 'C57214' does not drive any nets. (LINT-1)
Warning: In design 'm163_q8_dynamic_bn_rank3_frontend', cell 'C57215' does not drive any nets. (LINT-1)
Warning: In design 'm163_q8_dynamic_bn_rank3_frontend', cell 'C57216' does not drive any nets. (LINT-1)
Warning: In design 'm163_q8_dynamic_bn_rank3_frontend', cell 'C57217' does not drive any nets. (LINT-1)
Warning: In design 'm163_q8_dynamic_bn_rank3_frontend', cell 'C57218' does not drive any nets. (LINT-1)
Warning: In design 'm163_q8_dynamic_bn_rank3_frontend', cell 'C57219' does not drive any nets. (LINT-1)
Warning: In design 'm163_q8_dynamic_bn_rank3_frontend', cell 'C57220' does not drive any nets. (LINT-1)
Warning: In design 'm163_q8_dynamic_bn_rank3_frontend', cell 'C57221' does not drive any nets. (LINT-1)
Warning: In design 'm163_q8_dynamic_bn_rank3_frontend', cell 'C57222' does not drive any nets. (LINT-1)
Warning: In design 'm163_q8_dynamic_bn_rank3_frontend', cell 'C57223' does not drive any nets. (LINT-1)
Warning: In design 'm163_q8_dynamic_bn_rank3_frontend', cell 'C57224' does not drive any nets. (LINT-1)
Warning: In design 'm163_q8_dynamic_bn_rank3_frontend', cell 'C57225' does not drive any nets. (LINT-1)
Warning: In design 'm163_q8_dynamic_bn_rank3_frontend', cell 'C57226' does not drive any nets. (LINT-1)
Warning: In design 'm163_q8_dynamic_bn_rank3_frontend', cell 'C57227' does not drive any nets. (LINT-1)
Warning: In design 'm163_q8_dynamic_bn_rank3_frontend', cell 'C57228' does not drive any nets. (LINT-1)
Warning: In design 'm163_q8_dynamic_bn_rank3_frontend', cell 'C57229' does not drive any nets. (LINT-1)
Warning: In design 'm163_q8_dynamic_bn_rank3_frontend', cell 'C57230' does not drive any nets. (LINT-1)
Warning: In design 'm163_q8_dynamic_bn_rank3_frontend', cell 'C57231' does not drive any nets. (LINT-1)
Warning: In design 'm163_q8_dynamic_bn_rank3_frontend', cell 'C57232' does not drive any nets. (LINT-1)
Warning: In design 'm163_q8_dynamic_bn_rank3_frontend', cell 'C57233' does not drive any nets. (LINT-1)
Warning: In design 'm163_q8_dynamic_bn_rank3_frontend', cell 'C57234' does not drive any nets. (LINT-1)
Warning: In design 'm163_q8_dynamic_bn_rank3_frontend', cell 'C57235' does not drive any nets. (LINT-1)
Warning: In design 'm163_q8_dynamic_bn_rank3_frontend', cell 'C57236' does not drive any nets. (LINT-1)
Warning: In design 'm163_q8_dynamic_bn_rank3_frontend', cell 'C57237' does not drive any nets. (LINT-1)
Warning: In design 'm163_q8_dynamic_bn_rank3_frontend', cell 'C57238' does not drive any nets. (LINT-1)
Warning: In design 'm163_q8_dynamic_bn_rank3_frontend', cell 'C57239' does not drive any nets. (LINT-1)
Warning: In design 'm163_q8_dynamic_bn_rank3_frontend', cell 'C57240' does not drive any nets. (LINT-1)
Warning: In design 'm163_q8_dynamic_bn_rank3_frontend', cell 'C57241' does not drive any nets. (LINT-1)
Warning: In design 'm163_q8_dynamic_bn_rank3_frontend', cell 'C57242' does not drive any nets. (LINT-1)
Warning: In design 'm163_q8_dynamic_bn_rank3_frontend', cell 'C57243' does not drive any nets. (LINT-1)
Warning: In design 'm163_q8_dynamic_bn_rank3_frontend', cell 'C57244' does not drive any nets. (LINT-1)
Warning: In design 'm163_q8_dynamic_bn_rank3_frontend', cell 'C57245' does not drive any nets. (LINT-1)
Warning: In design 'm163_q8_dynamic_bn_rank3_frontend', cell 'C57246' does not drive any nets. (LINT-1)
Warning: In design 'm163_q8_dynamic_bn_rank3_frontend', cell 'C57247' does not drive any nets. (LINT-1)
Warning: In design 'm163_q8_dynamic_bn_rank3_frontend', cell 'C57248' does not drive any nets. (LINT-1)
1
