 
****************************************
Report : constraint
        -all_violators
        -max_delay
Design : m155_four_bank_signed19_forwarding_accumulator
Version: V-2023.12-SP3
Date   : Mon Aug 24 16:16:01 2026
****************************************

This design has no violated constraints.

 
****************************************
Report : constraint
        -all_violators
        -min_delay
Design : m155_four_bank_signed19_forwarding_accumulator
Version: V-2023.12-SP3
Date   : Mon Aug 24 16:16:01 2026
****************************************

This design has no violated constraints.

 
****************************************
Report : constraint
        -all_violators
        -max_capacitance
Design : m155_four_bank_signed19_forwarding_accumulator
Version: V-2023.12-SP3
Date   : Mon Aug 24 16:16:01 2026
****************************************

This design has no violated constraints.

 
****************************************
Report : constraint
        -all_violators
        -max_transition
Design : m155_four_bank_signed19_forwarding_accumulator
Version: V-2023.12-SP3
Date   : Mon Aug 24 16:16:01 2026
****************************************

This design has no violated constraints.

 
****************************************
Report : constraint
        -all_violators
        -max_fanout
Design : m155_four_bank_signed19_forwarding_accumulator
Version: V-2023.12-SP3
Date   : Mon Aug 24 16:16:01 2026
****************************************

This design has no violated constraints.

1
