 
****************************************
Report : reference
Design : qfit_head_p48_signed_lane_fold
Version: V-2023.12-SP3
Date   : Sun Aug 23 08:59:22 2026
****************************************

Attributes:
    b - black box (unknown)
   bo - allows boundary optimization
    d - dont_touch
   mo - map_only
    h - hierarchical
    n - noncombinational
    r - removable
    s - synthetic operator
    u - contains unmapped logic

Reference          Library       Unit Area   Count    Total Area   Attributes
-----------------------------------------------------------------------------
**SEQGEN**                        0.000000    2659      0.000000  n, u
*ADD_UNS_OP_1_1_2                 0.000000       2      0.000000  s, u
*ADD_UNS_OP_2_1_3                 0.000000       2      0.000000  s, u
*ADD_UNS_OP_3_1_4                 0.000000       2      0.000000  s, u
*ADD_UNS_OP_4_1_5                 0.000000       2      0.000000  s, u
*ADD_UNS_OP_5_1_6                 0.000000       2      0.000000  s, u
*ADD_UNS_OP_6_1_7                 0.000000       2      0.000000  s, u
*ADD_UNS_OP_7_1_8                 0.000000       2      0.000000  s, u
*ADD_UNS_OP_8_1_9                 0.000000       1      0.000000  s, u
*ADD_UNS_OP_9_1_10                0.000000       1      0.000000  s, u
*ADD_UNS_OP_10_1_11               0.000000       1      0.000000  s, u
*ADD_UNS_OP_11_1_12               0.000000       1      0.000000  s, u
*ADD_UNS_OP_12_1_13               0.000000       1      0.000000  s, u
*ADD_UNS_OP_12_12_12              0.000000     672      0.000000  s, u
*ADD_UNS_OP_13_1_14               0.000000       1      0.000000  s, u
*ADD_UNS_OP_14_1_15               0.000000       1      0.000000  s, u
*ADD_UNS_OP_14_14_14              0.000000      96      0.000000  s, u
*ADD_UNS_OP_15_1_16               0.000000       1      0.000000  s, u
*ADD_UNS_OP_16_1_16               0.000000     368      0.000000  s, u
*ADD_UNS_OP_16_8_16               0.000000       2      0.000000  s, u
*ADD_UNS_OP_16_16_16              0.000000       2      0.000000  s, u
*NE_UNS_OP_2_1_1                  0.000000      96      0.000000  s, u
*NE_UNS_OP_2_2_1                  0.000000      96      0.000000  s, u
*SELECT_OP_2.1_2.1_1              0.000000     522      0.000000  s, u
*SELECT_OP_2.2_2.1_2              0.000000       3      0.000000  s, u
*SELECT_OP_2.9_2.1_9              0.000000    1536      0.000000  s, u
*SELECT_OP_2.13_2.1_13            0.000000       5      0.000000  s, u
*SELECT_OP_2.16_2.1_16            0.000000      16      0.000000  s, u
*SELECT_OP_2.25_2.1_25            0.000000       3      0.000000  s, u
*SELECT_OP_2.27_2.1_27            0.000000       1      0.000000  s, u
*SELECT_OP_2.39_2.1_39            0.000000       5      0.000000  s, u
*SELECT_OP_2.48_2.1_48            0.000000       6      0.000000  s, u
*SELECT_OP_2.1248_2.1_1248        0.000000       8      0.000000  s, u
*SUB_UNS_OP_1_9_9                 0.000000     768      0.000000  s, u
GTECH_AND2         gtech          0.000000    3205      0.000000  u
GTECH_BUF          gtech          0.000000    2825      0.000000  u
GTECH_NOT          gtech          0.000000    2478      0.000000  u
GTECH_OR2          gtech          0.000000    1291      0.000000  u
GTECH_XOR2         gtech          0.000000     384      0.000000  u
-----------------------------------------------------------------------------
Total 39 references                                     0.000000

****************************************
Design: *ADD_UNS_OP_1_1_2 
****************************************
Reference          Library       Unit Area   Count    Total Area   Attributes
-----------------------------------------------------------------------------
DW01_add_width2                   0.000000       1      0.000000  h, u
-----------------------------------------------------------------------------
Total 1 references                                      0.000000

****************************************
Design: DW01_add_width2 
****************************************
Reference          Library       Unit Area   Count    Total Area   Attributes
-----------------------------------------------------------------------------
GTECH_ADD_ABC      gtech          0.000000       2      0.000000  u
-----------------------------------------------------------------------------
Total 1 references                                      0.000000

****************************************
Design: *ADD_UNS_OP_2_1_3 
****************************************
Reference          Library       Unit Area   Count    Total Area   Attributes
-----------------------------------------------------------------------------
DW01_add_width3                   0.000000       1      0.000000  h, u
-----------------------------------------------------------------------------
Total 1 references                                      0.000000

****************************************
Design: DW01_add_width3 
****************************************
Reference          Library       Unit Area   Count    Total Area   Attributes
-----------------------------------------------------------------------------
GTECH_ADD_ABC      gtech          0.000000       3      0.000000  u
-----------------------------------------------------------------------------
Total 1 references                                      0.000000

****************************************
Design: *ADD_UNS_OP_3_1_4 
****************************************
Reference          Library       Unit Area   Count    Total Area   Attributes
-----------------------------------------------------------------------------
DW01_add_width4                   0.000000       1      0.000000  h, u
-----------------------------------------------------------------------------
Total 1 references                                      0.000000

****************************************
Design: DW01_add_width4 
****************************************
Reference          Library       Unit Area   Count    Total Area   Attributes
-----------------------------------------------------------------------------
GTECH_ADD_ABC      gtech          0.000000       4      0.000000  u
-----------------------------------------------------------------------------
Total 1 references                                      0.000000

****************************************
Design: *ADD_UNS_OP_4_1_5 
****************************************
Reference          Library       Unit Area   Count    Total Area   Attributes
-----------------------------------------------------------------------------
DW01_add_width5                   0.000000       1      0.000000  h, u
-----------------------------------------------------------------------------
Total 1 references                                      0.000000

****************************************
Design: DW01_add_width5 
****************************************
Reference          Library       Unit Area   Count    Total Area   Attributes
-----------------------------------------------------------------------------
GTECH_ADD_ABC      gtech          0.000000       5      0.000000  u
-----------------------------------------------------------------------------
Total 1 references                                      0.000000

****************************************
Design: *ADD_UNS_OP_5_1_6 
****************************************
Reference          Library       Unit Area   Count    Total Area   Attributes
-----------------------------------------------------------------------------
DW01_add_width6                   0.000000       1      0.000000  h, u
-----------------------------------------------------------------------------
Total 1 references                                      0.000000

****************************************
Design: DW01_add_width6 
****************************************
Reference          Library       Unit Area   Count    Total Area   Attributes
-----------------------------------------------------------------------------
GTECH_ADD_ABC      gtech          0.000000       6      0.000000  u
-----------------------------------------------------------------------------
Total 1 references                                      0.000000

****************************************
Design: *ADD_UNS_OP_6_1_7 
****************************************
Reference          Library       Unit Area   Count    Total Area   Attributes
-----------------------------------------------------------------------------
DW01_add_width7                   0.000000       1      0.000000  h, u
-----------------------------------------------------------------------------
Total 1 references                                      0.000000

****************************************
Design: DW01_add_width7 
****************************************
Reference          Library       Unit Area   Count    Total Area   Attributes
-----------------------------------------------------------------------------
GTECH_ADD_ABC      gtech          0.000000       7      0.000000  u
-----------------------------------------------------------------------------
Total 1 references                                      0.000000

****************************************
Design: *ADD_UNS_OP_7_1_8 
****************************************
Reference          Library       Unit Area   Count    Total Area   Attributes
-----------------------------------------------------------------------------
DW01_add_width8                   0.000000       1      0.000000  h, u
-----------------------------------------------------------------------------
Total 1 references                                      0.000000

****************************************
Design: DW01_add_width8 
****************************************
Reference          Library       Unit Area   Count    Total Area   Attributes
-----------------------------------------------------------------------------
GTECH_ADD_ABC      gtech          0.000000       8      0.000000  u
-----------------------------------------------------------------------------
Total 1 references                                      0.000000

****************************************
Design: *ADD_UNS_OP_8_1_9 
****************************************
Reference          Library       Unit Area   Count    Total Area   Attributes
-----------------------------------------------------------------------------
DW01_add_width9                   0.000000       1      0.000000  h, u
-----------------------------------------------------------------------------
Total 1 references                                      0.000000

****************************************
Design: DW01_add_width9 
****************************************
Reference          Library       Unit Area   Count    Total Area   Attributes
-----------------------------------------------------------------------------
GTECH_ADD_ABC      gtech          0.000000       9      0.000000  u
-----------------------------------------------------------------------------
Total 1 references                                      0.000000

****************************************
Design: *ADD_UNS_OP_9_1_10 
****************************************
Reference          Library       Unit Area   Count    Total Area   Attributes
-----------------------------------------------------------------------------
DW01_add_width10                  0.000000       1      0.000000  h, u
-----------------------------------------------------------------------------
Total 1 references                                      0.000000

****************************************
Design: DW01_add_width10 
****************************************
Reference          Library       Unit Area   Count    Total Area   Attributes
-----------------------------------------------------------------------------
GTECH_ADD_ABC      gtech          0.000000      10      0.000000  u
-----------------------------------------------------------------------------
Total 1 references                                      0.000000

****************************************
Design: *ADD_UNS_OP_10_1_11 
****************************************
Reference          Library       Unit Area   Count    Total Area   Attributes
-----------------------------------------------------------------------------
DW01_add_width11                  0.000000       1      0.000000  h, u
-----------------------------------------------------------------------------
Total 1 references                                      0.000000

****************************************
Design: DW01_add_width11 
****************************************
Reference          Library       Unit Area   Count    Total Area   Attributes
-----------------------------------------------------------------------------
GTECH_ADD_ABC      gtech          0.000000      11      0.000000  u
-----------------------------------------------------------------------------
Total 1 references                                      0.000000

****************************************
Design: *ADD_UNS_OP_11_1_12 
****************************************
Reference          Library       Unit Area   Count    Total Area   Attributes
-----------------------------------------------------------------------------
DW01_add_width12                  0.000000       1      0.000000  h, u
-----------------------------------------------------------------------------
Total 1 references                                      0.000000

****************************************
Design: DW01_add_width12 
****************************************
Reference          Library       Unit Area   Count    Total Area   Attributes
-----------------------------------------------------------------------------
GTECH_ADD_ABC      gtech          0.000000      12      0.000000  u
-----------------------------------------------------------------------------
Total 1 references                                      0.000000

****************************************
Design: *ADD_UNS_OP_12_1_13 
****************************************
Reference          Library       Unit Area   Count    Total Area   Attributes
-----------------------------------------------------------------------------
DW01_add_width13                  0.000000       1      0.000000  h, u
-----------------------------------------------------------------------------
Total 1 references                                      0.000000

****************************************
Design: DW01_add_width13 
****************************************
Reference          Library       Unit Area   Count    Total Area   Attributes
-----------------------------------------------------------------------------
GTECH_ADD_ABC      gtech          0.000000      13      0.000000  u
-----------------------------------------------------------------------------
Total 1 references                                      0.000000

****************************************
Design: *ADD_UNS_OP_12_12_12 
****************************************
Reference          Library       Unit Area   Count    Total Area   Attributes
-----------------------------------------------------------------------------
DW01_add_width12                  0.000000       1      0.000000  h, u
-----------------------------------------------------------------------------
Total 1 references                                      0.000000

****************************************
Design: DW01_add_width12 
****************************************
Reference          Library       Unit Area   Count    Total Area   Attributes
-----------------------------------------------------------------------------
GTECH_ADD_ABC      gtech          0.000000      12      0.000000  u
-----------------------------------------------------------------------------
Total 1 references                                      0.000000

****************************************
Design: *ADD_UNS_OP_13_1_14 
****************************************
Reference          Library       Unit Area   Count    Total Area   Attributes
-----------------------------------------------------------------------------
DW01_add_width14                  0.000000       1      0.000000  h, u
-----------------------------------------------------------------------------
Total 1 references                                      0.000000

****************************************
Design: DW01_add_width14 
****************************************
Reference          Library       Unit Area   Count    Total Area   Attributes
-----------------------------------------------------------------------------
GTECH_ADD_ABC      gtech          0.000000      14      0.000000  u
-----------------------------------------------------------------------------
Total 1 references                                      0.000000

****************************************
Design: *ADD_UNS_OP_14_1_15 
****************************************
Reference          Library       Unit Area   Count    Total Area   Attributes
-----------------------------------------------------------------------------
DW01_add_width15                  0.000000       1      0.000000  h, u
-----------------------------------------------------------------------------
Total 1 references                                      0.000000

****************************************
Design: DW01_add_width15 
****************************************
Reference          Library       Unit Area   Count    Total Area   Attributes
-----------------------------------------------------------------------------
GTECH_ADD_ABC      gtech          0.000000      15      0.000000  u
-----------------------------------------------------------------------------
Total 1 references                                      0.000000

****************************************
Design: *ADD_UNS_OP_14_14_14 
****************************************
Reference          Library       Unit Area   Count    Total Area   Attributes
-----------------------------------------------------------------------------
DW01_add_width14                  0.000000       1      0.000000  h, u
-----------------------------------------------------------------------------
Total 1 references                                      0.000000

****************************************
Design: DW01_add_width14 
****************************************
Reference          Library       Unit Area   Count    Total Area   Attributes
-----------------------------------------------------------------------------
GTECH_ADD_ABC      gtech          0.000000      14      0.000000  u
-----------------------------------------------------------------------------
Total 1 references                                      0.000000

****************************************
Design: *ADD_UNS_OP_15_1_16 
****************************************
Reference          Library       Unit Area   Count    Total Area   Attributes
-----------------------------------------------------------------------------
DW01_add_width16                  0.000000       1      0.000000  h, u
-----------------------------------------------------------------------------
Total 1 references                                      0.000000

****************************************
Design: DW01_add_width16 
****************************************
Reference          Library       Unit Area   Count    Total Area   Attributes
-----------------------------------------------------------------------------
GTECH_ADD_ABC      gtech          0.000000      16      0.000000  u
-----------------------------------------------------------------------------
Total 1 references                                      0.000000

****************************************
Design: *ADD_UNS_OP_16_1_16 
****************************************
Reference          Library       Unit Area   Count    Total Area   Attributes
-----------------------------------------------------------------------------
DW01_add_width16                  0.000000       1      0.000000  h, u
-----------------------------------------------------------------------------
Total 1 references                                      0.000000

****************************************
Design: DW01_add_width16 
****************************************
Reference          Library       Unit Area   Count    Total Area   Attributes
-----------------------------------------------------------------------------
GTECH_ADD_ABC      gtech          0.000000      16      0.000000  u
-----------------------------------------------------------------------------
Total 1 references                                      0.000000

****************************************
Design: *ADD_UNS_OP_16_8_16 
****************************************
Reference          Library       Unit Area   Count    Total Area   Attributes
-----------------------------------------------------------------------------
DW01_add_width16                  0.000000       1      0.000000  h, u
-----------------------------------------------------------------------------
Total 1 references                                      0.000000

****************************************
Design: DW01_add_width16 
****************************************
Reference          Library       Unit Area   Count    Total Area   Attributes
-----------------------------------------------------------------------------
GTECH_ADD_ABC      gtech          0.000000      16      0.000000  u
-----------------------------------------------------------------------------
Total 1 references                                      0.000000

****************************************
Design: *ADD_UNS_OP_16_16_16 
****************************************
Reference          Library       Unit Area   Count    Total Area   Attributes
-----------------------------------------------------------------------------
DW01_add_width16                  0.000000       1      0.000000  h, u
-----------------------------------------------------------------------------
Total 1 references                                      0.000000

****************************************
Design: DW01_add_width16 
****************************************
Reference          Library       Unit Area   Count    Total Area   Attributes
-----------------------------------------------------------------------------
GTECH_ADD_ABC      gtech          0.000000      16      0.000000  u
-----------------------------------------------------------------------------
Total 1 references                                      0.000000

****************************************
Design: *NE_UNS_OP_2_1_1 
****************************************
Reference          Library       Unit Area   Count    Total Area   Attributes
-----------------------------------------------------------------------------
DW01_cmp6_width2                  0.000000       1      0.000000  h, u
-----------------------------------------------------------------------------
Total 1 references                                      0.000000

****************************************
Design: DW01_cmp6_width2 
****************************************
Reference          Library       Unit Area   Count    Total Area   Attributes
-----------------------------------------------------------------------------
GTECH_AND_NOT      gtech          0.000000       2      0.000000  u
GTECH_NAND2        gtech          0.000000       4      0.000000  u
GTECH_NOR2         gtech          0.000000       1      0.000000  u
GTECH_NOT          gtech          0.000000       3      0.000000  u
GTECH_OR_NOT       gtech          0.000000       2      0.000000  u
GTECH_XNOR2        gtech          0.000000       1      0.000000  u
GTECH_XOR2         gtech          0.000000       2      0.000000  u
-----------------------------------------------------------------------------
Total 7 references                                      0.000000

****************************************
Design: *NE_UNS_OP_2_2_1 
****************************************
Reference          Library       Unit Area   Count    Total Area   Attributes
-----------------------------------------------------------------------------
DW01_cmp6_width2                  0.000000       1      0.000000  h, u
-----------------------------------------------------------------------------
Total 1 references                                      0.000000

****************************************
Design: DW01_cmp6_width2 
****************************************
Reference          Library       Unit Area   Count    Total Area   Attributes
-----------------------------------------------------------------------------
GTECH_AND_NOT      gtech          0.000000       2      0.000000  u
GTECH_NAND2        gtech          0.000000       4      0.000000  u
GTECH_NOR2         gtech          0.000000       1      0.000000  u
GTECH_NOT          gtech          0.000000       3      0.000000  u
GTECH_OR_NOT       gtech          0.000000       2      0.000000  u
GTECH_XNOR2        gtech          0.000000       1      0.000000  u
GTECH_XOR2         gtech          0.000000       2      0.000000  u
-----------------------------------------------------------------------------
Total 7 references                                      0.000000

****************************************
Design: *SUB_UNS_OP_1_9_9 
****************************************
Reference          Library       Unit Area   Count    Total Area   Attributes
-----------------------------------------------------------------------------
DW01_sub_width9                   0.000000       1      0.000000  h, u
-----------------------------------------------------------------------------
Total 1 references                                      0.000000

****************************************
Design: DW01_sub_width9 
****************************************
Reference          Library       Unit Area   Count    Total Area   Attributes
-----------------------------------------------------------------------------
GTECH_ADD_ABC      gtech          0.000000       9      0.000000  u
GTECH_NOT          gtech          0.000000      11      0.000000  u
-----------------------------------------------------------------------------
Total 2 references                                      0.000000
1
