 
****************************************
Report : qor
Design : m194_fc2_same_token_pair_bank_head_selector
Version: V-2023.12-SP3
Date   : Tue Aug 25 02:31:15 2026
****************************************


  Timing Path Group 'core_clk'
  -----------------------------------
  Levels of Logic:              15.00
  Critical Path Length:          0.75
  Critical Path Slack:           1.78
  Critical Path Clk Period:      3.00
  Total Negative Slack:          0.00
  No. of Violating Paths:        0.00
  Worst Hold Violation:          0.00
  Total Hold Violation:          0.00
  No. of Hold Violations:        0.00
  -----------------------------------


  Cell Count
  -----------------------------------
  Hierarchical Cell Count:          0
  Hierarchical Port Count:          0
  Leaf Cell Count:                638
  Buf/Inv Cell Count:             134
  Buf Cell Count:                   1
  Inv Cell Count:                 133
  CT Buf/Inv Cell Count:            0
  Combinational Cell Count:       507
  Sequential Cell Count:          131
  Macro Count:                      0
  -----------------------------------


  Area
  -----------------------------------
  Combinational Area:      286.902000
  Noncombinational Area:   264.096004
  Buf/Inv Area:             33.894001
  Total Buffer Area:             0.38
  Total Inverter Area:          33.52
  Macro/Black Box Area:      0.000000
  Net Area:                  0.000000
  -----------------------------------
  Cell Area:               550.998004
  Design Area:             550.998004


  Design Rules
  -----------------------------------
  Total Number of Nets:          1015
  Nets With Violations:             0
  Max Trans Violations:             0
  Max Cap Violations:               0
  -----------------------------------


  Hostname: ic.ismd-nemo

  Compile CPU Statistics
  -----------------------------------------
  Resource Sharing:                    0.00
  Logic Optimization:                  0.03
  Mapping Optimization:                0.34
  -----------------------------------------
  Overall Compile Time:                7.56
  Overall Compile Wall Clock Time:     8.10

  --------------------------------------------------------------------

  Design  WNS: 0.00  TNS: 0.00  Number of Violating Paths: 0


  Design (Hold)  WNS: 0.00  TNS: 0.00  Number of Violating Paths: 0

  --------------------------------------------------------------------


1
