 
****************************************
Report : qor
Design : m139_epoch_safe_fallthrough_tagged_16bank_response_bridge
Version: V-2023.12-SP3
Date   : Mon Aug 24 12:29:03 2026
****************************************


  Timing Path Group 'core_clk'
  -----------------------------------
  Levels of Logic:              17.00
  Critical Path Length:          0.97
  Critical Path Slack:           1.33
  Critical Path Clk Period:      3.00
  Total Negative Slack:          0.00
  No. of Violating Paths:        0.00
  Worst Hold Violation:          0.00
  Total Hold Violation:          0.00
  No. of Hold Violations:        0.00
  -----------------------------------


  Cell Count
  -----------------------------------
  Hierarchical Cell Count:          0
  Hierarchical Port Count:          0
  Leaf Cell Count:               6893
  Buf/Inv Cell Count:            1535
  Buf Cell Count:                 626
  Inv Cell Count:                 909
  CT Buf/Inv Cell Count:            0
  Combinational Cell Count:      6247
  Sequential Cell Count:          646
  Macro Count:                      0
  -----------------------------------


  Area
  -----------------------------------
  Combinational Area:     3163.733996
  Noncombinational Area:  1302.336021
  Buf/Inv Area:            465.695998
  Total Buffer Area:           236.63
  Total Inverter Area:         229.07
  Macro/Black Box Area:      0.000000
  Net Area:                  0.000000
  -----------------------------------
  Cell Area:              4466.070017
  Design Area:            4466.070017


  Design Rules
  -----------------------------------
  Total Number of Nets:          7477
  Nets With Violations:             0
  Max Trans Violations:             0
  Max Cap Violations:               0
  -----------------------------------


  Hostname: ic.ismd-nemo

  Compile CPU Statistics
  -----------------------------------------
  Resource Sharing:                    0.00
  Logic Optimization:                  0.12
  Mapping Optimization:                7.92
  -----------------------------------------
  Overall Compile Time:               15.63
  Overall Compile Wall Clock Time:    16.15

  --------------------------------------------------------------------

  Design  WNS: 0.00  TNS: 0.00  Number of Violating Paths: 0


  Design (Hold)  WNS: 0.00  TNS: 0.00  Number of Violating Paths: 0

  --------------------------------------------------------------------


1
