 
****************************************
Report : qor
Design : m163_q8_dynamic_bn_rank3_frontend
Version: V-2023.12-SP3
Date   : Mon Aug 24 18:56:00 2026
****************************************


  Timing Path Group 'core_clk'
  -----------------------------------
  Levels of Logic:              88.00
  Critical Path Length:          2.42
  Critical Path Slack:           0.11
  Critical Path Clk Period:      3.00
  Total Negative Slack:          0.00
  No. of Violating Paths:        0.00
  Worst Hold Violation:          0.00
  Total Hold Violation:          0.00
  No. of Hold Violations:        0.00
  -----------------------------------


  Cell Count
  -----------------------------------
  Hierarchical Cell Count:          0
  Hierarchical Port Count:          0
  Leaf Cell Count:              60910
  Buf/Inv Cell Count:           12673
  Buf Cell Count:                2324
  Inv Cell Count:               10349
  CT Buf/Inv Cell Count:            0
  Combinational Cell Count:     51727
  Sequential Cell Count:         9183
  Macro Count:                      0
  -----------------------------------


  Area
  -----------------------------------
  Combinational Area:    35149.211661
  Noncombinational Area: 18512.928298
  Buf/Inv Area:           3486.420021
  Total Buffer Area:           878.47
  Total Inverter Area:        2607.95
  Macro/Black Box Area:      0.000000
  Net Area:                  0.000000
  -----------------------------------
  Cell Area:             53662.139958
  Design Area:           53662.139958


  Design Rules
  -----------------------------------
  Total Number of Nets:         66603
  Nets With Violations:             0
  Max Trans Violations:             0
  Max Cap Violations:               0
  -----------------------------------


  Hostname: ic.ismd-nemo

  Compile CPU Statistics
  -----------------------------------------
  Resource Sharing:                    0.02
  Logic Optimization:                  1.76
  Mapping Optimization:               24.65
  -----------------------------------------
  Overall Compile Time:               37.91
  Overall Compile Wall Clock Time:    38.67

  --------------------------------------------------------------------

  Design  WNS: 0.00  TNS: 0.00  Number of Violating Paths: 0


  Design (Hold)  WNS: 0.00  TNS: 0.00  Number of Violating Paths: 0

  --------------------------------------------------------------------


1
