 
****************************************
check_design summary:
Version:     V-2023.12-SP3
Date:        Mon Aug 24 20:12:16 2026
****************************************

                   Name                                            Total
--------------------------------------------------------------------------------
Cells                                                              10
    Cells do not drive (LINT-1)                                    10
--------------------------------------------------------------------------------

Warning: In design 'm166_q8_prefolded_rank3_left_atlif_backend', cell 'B_819' does not drive any nets. (LINT-1)
Warning: In design 'm166_q8_prefolded_rank3_left_atlif_backend', cell 'B_820' does not drive any nets. (LINT-1)
Warning: In design 'm166_q8_prefolded_rank3_left_atlif_backend', cell 'B_821' does not drive any nets. (LINT-1)
Warning: In design 'm166_q8_prefolded_rank3_left_atlif_backend', cell 'C113899' does not drive any nets. (LINT-1)
Warning: In design 'm166_q8_prefolded_rank3_left_atlif_backend', cell 'C113903' does not drive any nets. (LINT-1)
Warning: In design 'm166_q8_prefolded_rank3_left_atlif_backend', cell 'C114300' does not drive any nets. (LINT-1)
Warning: In design 'm166_q8_prefolded_rank3_left_atlif_backend', cell 'C114301' does not drive any nets. (LINT-1)
Warning: In design 'm166_q8_prefolded_rank3_left_atlif_backend', cell 'C114312' does not drive any nets. (LINT-1)
Warning: In design 'm166_q8_prefolded_rank3_left_atlif_backend', cell 'C114313' does not drive any nets. (LINT-1)
Warning: In design 'm166_q8_prefolded_rank3_left_atlif_backend', cell 'C114323' does not drive any nets. (LINT-1)
1
