 
****************************************
Report : resources
Design : m151_dual_buffer_source_resident_k4_multicast_frontend
Version: V-2023.12-SP3
Date   : Mon Aug 24 15:15:56 2026
****************************************


Resource Report for this hierarchy in file
        /home/zhumd/work/sdformer_codex/SDformer/hw_autoresearch_nts07/rtl_m151/m151_dual_buffer_source_resident_k4_multicast_frontend.sv
=============================================================================
| Cell           | Module         | Parameters | Contained Operations       |
=============================================================================
| eq_x_1         | DW_cmp         | width=32   | eq_103 (m151_dual_buffer_source_resident_k4_multicast_frontend.sv:103) |
| eq_x_2         | DW_cmp         | width=9    | eq_103_2 (m151_dual_buffer_source_resident_k4_multicast_frontend.sv:103) |
| eq_x_3         | DW_cmp         | width=4    | eq_103_3 (m151_dual_buffer_source_resident_k4_multicast_frontend.sv:103) |
| eq_x_4         | DW_cmp         | width=32   | eq_103_I2 (m151_dual_buffer_source_resident_k4_multicast_frontend.sv:103) |
| eq_x_5         | DW_cmp         | width=9    | eq_103_2_I2 (m151_dual_buffer_source_resident_k4_multicast_frontend.sv:103) |
| eq_x_6         | DW_cmp         | width=4    | eq_103_3_I2 (m151_dual_buffer_source_resident_k4_multicast_frontend.sv:103) |
| eq_x_7         | DW_cmp         | width=32   | eq_113 (m151_dual_buffer_source_resident_k4_multicast_frontend.sv:113) |
| eq_x_8         | DW_cmp         | width=9    | eq_113_2 (m151_dual_buffer_source_resident_k4_multicast_frontend.sv:113) |
| eq_x_9         | DW_cmp         | width=4    | eq_113_3 (m151_dual_buffer_source_resident_k4_multicast_frontend.sv:113) |
| eq_x_10        | DW_cmp         | width=32   | eq_113_I2 (m151_dual_buffer_source_resident_k4_multicast_frontend.sv:113) |
| eq_x_11        | DW_cmp         | width=9    | eq_113_2_I2 (m151_dual_buffer_source_resident_k4_multicast_frontend.sv:113) |
| eq_x_12        | DW_cmp         | width=4    | eq_113_3_I2 (m151_dual_buffer_source_resident_k4_multicast_frontend.sv:113) |
| eq_x_13        | DW_cmp         | width=3    | eq_132 (m151_dual_buffer_source_resident_k4_multicast_frontend.sv:132) |
| eq_x_14        | DW_cmp         | width=3    | eq_132_I2 (m151_dual_buffer_source_resident_k4_multicast_frontend.sv:132) |
| eq_x_15        | DW_cmp         | width=3    | eq_132_I2_I2 (m151_dual_buffer_source_resident_k4_multicast_frontend.sv:132) |
| eq_x_16        | DW_cmp         | width=3    | eq_132_I3 (m151_dual_buffer_source_resident_k4_multicast_frontend.sv:132) |
| eq_x_17        | DW_cmp         | width=3    | eq_132_I2_I3 (m151_dual_buffer_source_resident_k4_multicast_frontend.sv:132) |
| eq_x_18        | DW_cmp         | width=3    | eq_132_I3_I3 (m151_dual_buffer_source_resident_k4_multicast_frontend.sv:132) |
=============================================================================


Implementation Report
===============================================================================
|                    |                  | Current            | Set            |
| Cell               | Module           | Implementation     | Implementation |
===============================================================================
| eq_x_1             | DW_cmp           | apparch (area)     |                |
| eq_x_2             | DW_cmp           | apparch (area)     |                |
| eq_x_3             | DW_cmp           | apparch (area)     |                |
| eq_x_4             | DW_cmp           | apparch (area)     |                |
| eq_x_5             | DW_cmp           | apparch (area)     |                |
| eq_x_6             | DW_cmp           | apparch (area)     |                |
| eq_x_7             | DW_cmp           | apparch (area)     |                |
| eq_x_8             | DW_cmp           | apparch (area)     |                |
| eq_x_9             | DW_cmp           | apparch (area)     |                |
| eq_x_10            | DW_cmp           | apparch (area)     |                |
| eq_x_11            | DW_cmp           | apparch (area)     |                |
| eq_x_12            | DW_cmp           | apparch (area)     |                |
| eq_x_13            | DW_cmp           | apparch (area)     |                |
| eq_x_14            | DW_cmp           | apparch (area)     |                |
| eq_x_15            | DW_cmp           | apparch (area)     |                |
| eq_x_16            | DW_cmp           | apparch (area)     |                |
| eq_x_17            | DW_cmp           | apparch (area)     |                |
| eq_x_18            | DW_cmp           | apparch (area)     |                |
===============================================================================

1
