  Allocating blocks in 'DW02_mult_A_width22_B_width22'
  Allocating blocks in 'DW01_ash_A_width64_SH_width32'
  Allocating blocks in 'DW01_ash_A_width22_SH_width32'
  Allocating blocks in 'DW_rash_A_width22_SH_width32'
  Allocating blocks in 'DW01_ash_A_width20_SH_width32'
  Allocating blocks in 'DW_rash_A_width20_SH_width32'
Information: Changed wire load model for 'DW01_inc_width32' from '(none)' to 'ZeroWireload'. (OPT-170)
Information: Changed wire load model for '*ADD_UNS_OP_32_1_32' from '(none)' to 'ZeroWireload'. (OPT-170)
Information: Changed wire load model for 'DW01_inc_width32' from '(none)' to 'ZeroWireload'. (OPT-170)
Information: Changed wire load model for '*ADD_UNS_OP_32_1_32' from '(none)' to 'ZeroWireload'. (OPT-170)
Information: Changed wire load model for 'DW01_add_width6' from '(none)' to 'ZeroWireload'. (OPT-170)
Information: Changed wire load model for '*ADD_UNS_OP_6_6_6' from '(none)' to 'ZeroWireload'. (OPT-170)
Information: Changed wire load model for 'DW01_sub_width18' from '(none)' to 'ZeroWireload'. (OPT-170)
Information: Changed wire load model for '*SUB_UNS_OP_18_18_18' from '(none)' to 'ZeroWireload'. (OPT-170)
Information: Changed wire load model for 'DW01_sub_width17' from '(none)' to 'ZeroWireload'. (OPT-170)
Information: Changed wire load model for '*SUB_UNS_OP_17_17_17' from '(none)' to 'ZeroWireload'. (OPT-170)
Information: Changed wire load model for 'DW01_add_width23' from '(none)' to 'ZeroWireload'. (OPT-170)
Information: Changed wire load model for '*ADD_UNS_OP_22_1_23' from '(none)' to 'ZeroWireload'. (OPT-170)
Information: Changed wire load model for 'DW01_dec_width22' from '(none)' to 'ZeroWireload'. (OPT-170)
Information: Changed wire load model for '*SUB_UNS_OP_22_1_22' from '(none)' to 'ZeroWireload'. (OPT-170)
Information: Changed wire load model for 'DW_rash_A_width22_SH_width32' from '(none)' to 'ZeroWireload'. (OPT-170)
Information: Changed wire load model for '*ASHR_UNS_UNS_OP_22_32_22' from '(none)' to 'ZeroWireload'. (OPT-170)
Information: Changed wire load model for 'DW01_dec_width32' from '(none)' to 'ZeroWireload'. (OPT-170)
Information: Changed wire load model for '*SUB_TC_OP_32_2_32' from '(none)' to 'ZeroWireload'. (OPT-170)
Information: Changed wire load model for 'DW01_sub_width20' from '(none)' to 'ZeroWireload'. (OPT-170)
Information: Changed wire load model for '*SUB_TC_OP_1_20_20' from '(none)' to 'ZeroWireload'. (OPT-170)
Information: Changed wire load model for 'DW01_sub_width22' from '(none)' to 'ZeroWireload'. (OPT-170)
Information: Changed wire load model for '*SUB_TC_OP_1_22_22' from '(none)' to 'ZeroWireload'. (OPT-170)
Information: Changed wire load model for 'DW01_add_width20' from '(none)' to 'ZeroWireload'. (OPT-170)
Information: Changed wire load model for '*ADD_UNS_OP_20_1_20' from '(none)' to 'ZeroWireload'. (OPT-170)
Information: Changed wire load model for 'DW01_add_width22' from '(none)' to 'ZeroWireload'. (OPT-170)
Information: Changed wire load model for '*ADD_UNS_OP_22_1_22' from '(none)' to 'ZeroWireload'. (OPT-170)
Information: Changed wire load model for 'DW01_sub_width22' from '(none)' to 'ZeroWireload'. (OPT-170)
Information: Changed wire load model for '*SUB_TC_OP_1_22_22' from '(none)' to 'ZeroWireload'. (OPT-170)
Information: Changed wire load model for 'DW01_sub_width44' from '(none)' to 'ZeroWireload'. (OPT-170)
Information: Changed wire load model for '*SUB_TC_OP_18_44_44' from '(none)' to 'ZeroWireload'. (OPT-170)
Information: Changed wire load model for 'DW01_add_width22' from '(none)' to 'ZeroWireload'. (OPT-170)
Information: Changed wire load model for '*ADD_UNS_OP_22_1_22' from '(none)' to 'ZeroWireload'. (OPT-170)
Information: Changed wire load model for 'DW01_sub_width33' from '(none)' to 'ZeroWireload'. (OPT-170)
Information: Changed wire load model for '*SUB_TC_OP_1_32_33' from '(none)' to 'ZeroWireload'. (OPT-170)
Information: Changed wire load model for 'DW01_sub_width33' from '(none)' to 'ZeroWireload'. (OPT-170)
Information: Changed wire load model for '*SUB_TC_OP_1_32_33' from '(none)' to 'ZeroWireload'. (OPT-170)
Information: Changed wire load model for 'DW01_sub_width32' from '(none)' to 'ZeroWireload'. (OPT-170)
Information: Changed wire load model for '*SUB_TC_OP_1_32_32' from '(none)' to 'ZeroWireload'. (OPT-170)
Information: Changed wire load model for 'DW01_add_width31' from '(none)' to 'ZeroWireload'. (OPT-170)
Information: Changed wire load model for '*ADD_UNS_OP_30_1_31' from '(none)' to 'ZeroWireload'. (OPT-170)
Information: Changed wire load model for 'DW01_add_width31' from '(none)' to 'ZeroWireload'. (OPT-170)
Information: Changed wire load model for '*ADD_UNS_OP_30_1_31' from '(none)' to 'ZeroWireload'. (OPT-170)
Information: Changed wire load model for 'DW01_sub_width32' from '(none)' to 'ZeroWireload'. (OPT-170)
Information: Changed wire load model for '*SUB_TC_OP_32_2_32' from '(none)' to 'ZeroWireload'. (OPT-170)
Information: Changed wire load model for 'DW01_sub_width32' from '(none)' to 'ZeroWireload'. (OPT-170)
Information: Changed wire load model for '*SUB_TC_OP_32_6_32' from '(none)' to 'ZeroWireload'. (OPT-170)
Information: Changed wire load model for 'DW01_add_width21' from '(none)' to 'ZeroWireload'. (OPT-170)
Information: Changed wire load model for '*ADD_UNS_OP_20_1_21' from '(none)' to 'ZeroWireload'. (OPT-170)
Information: Changed wire load model for 'DW01_dec_width20' from '(none)' to 'ZeroWireload'. (OPT-170)
Information: Changed wire load model for '*SUB_UNS_OP_20_1_20' from '(none)' to 'ZeroWireload'. (OPT-170)
Information: Changed wire load model for 'DW_rash_A_width20_SH_width32' from '(none)' to 'ZeroWireload'. (OPT-170)
Information: Changed wire load model for '*ASHR_UNS_UNS_OP_20_32_20' from '(none)' to 'ZeroWireload'. (OPT-170)
Information: Changed wire load model for 'DW01_dec_width9' from '(none)' to 'ZeroWireload'. (OPT-170)
Information: Changed wire load model for '*SUB_TC_OP_8_2_9' from '(none)' to 'ZeroWireload'. (OPT-170)
Information: Changed wire load model for 'DW01_sub_width38' from '(none)' to 'ZeroWireload'. (OPT-170)
Information: Changed wire load model for '*SUB_TC_OP_1_38_38' from '(none)' to 'ZeroWireload'. (OPT-170)
Information: Changed wire load model for 'DW01_sub_width38' from '(none)' to 'ZeroWireload'. (OPT-170)
Information: Changed wire load model for '*SUB_TC_OP_1_38_38' from '(none)' to 'ZeroWireload'. (OPT-170)
Information: Changed wire load model for 'DW01_sub_width40' from '(none)' to 'ZeroWireload'. (OPT-170)
Information: Changed wire load model for '*SUB_TC_OP_1_40_40' from '(none)' to 'ZeroWireload'. (OPT-170)
Information: Changed wire load model for 'DW01_sub_width44' from '(none)' to 'ZeroWireload'. (OPT-170)
Information: Changed wire load model for '*SUB_TC_OP_1_44_44' from '(none)' to 'ZeroWireload'. (OPT-170)
Information: Changed wire load model for 'DW01_sub_width44' from '(none)' to 'ZeroWireload'. (OPT-170)
Information: Changed wire load model for '*SUB_TC_OP_1_44_44' from '(none)' to 'ZeroWireload'. (OPT-170)
Information: Changed wire load model for 'DW01_sub_width8' from '(none)' to 'ZeroWireload'. (OPT-170)
Information: Changed wire load model for '*SUB_TC_OP_1_7_8' from '(none)' to 'ZeroWireload'. (OPT-170)
Information: Changed wire load model for 'DW02_mult_A_width22_B_width22' from '(none)' to 'ZeroWireload'. (OPT-170)
Information: Changed wire load model for '*MULT_TC_OP_22_22_44' from '(none)' to 'ZeroWireload'. (OPT-170)
Information: Changed wire load model for 'DW01_sub_width22' from '(none)' to 'ZeroWireload'. (OPT-170)
Information: Changed wire load model for '*SUB_UNS_OP_19_22_22' from '(none)' to 'ZeroWireload'. (OPT-170)
Information: Changed wire load model for 'DW01_add_width22' from '(none)' to 'ZeroWireload'. (OPT-170)
Information: Changed wire load model for '*ADD_UNS_OP_21_1_22' from '(none)' to 'ZeroWireload'. (OPT-170)
Information: Changed wire load model for 'DW01_sub_width7' from '(none)' to 'ZeroWireload'. (OPT-170)
Information: Changed wire load model for '*SUB_TC_OP_2_6_7' from '(none)' to 'ZeroWireload'. (OPT-170)
Information: Changed wire load model for 'DW01_add_width6' from '(none)' to 'ZeroWireload'. (OPT-170)
Information: Changed wire load model for '*ADD_TC_OP_2_5_6' from '(none)' to 'ZeroWireload'. (OPT-170)
Information: Changed wire load model for 'DW01_ash_A_width22_SH_width32' from '(none)' to 'ZeroWireload'. (OPT-170)
Information: Changed wire load model for '*ASH_UNS_UNS_OP_22_32_22' from '(none)' to 'ZeroWireload'. (OPT-170)
Information: Changed wire load model for 'DW01_ash_A_width20_SH_width32' from '(none)' to 'ZeroWireload'. (OPT-170)
Information: Changed wire load model for '*ASH_UNS_UNS_OP_20_32_20' from '(none)' to 'ZeroWireload'. (OPT-170)
Information: Changed wire load model for 'DW01_cmp2_width18' from '(none)' to 'ZeroWireload'. (OPT-170)
Information: Changed wire load model for '*GT_UNS_OP_18_18_1' from '(none)' to 'ZeroWireload'. (OPT-170)
Information: Changed wire load model for 'DW01_cmp2_width44' from '(none)' to 'ZeroWireload'. (OPT-170)
Information: Changed wire load model for '*LT_TC_OP_44_1_1' from '(none)' to 'ZeroWireload'. (OPT-170)
Information: Changed wire load model for 'DW01_cmp2_width16' from '(none)' to 'ZeroWireload'. (OPT-170)
Information: Changed wire load model for '*GT_UNS_OP_16_16_1' from '(none)' to 'ZeroWireload'. (OPT-170)
Information: Changed wire load model for 'DW01_cmp2_width44' from '(none)' to 'ZeroWireload'. (OPT-170)
Information: Changed wire load model for '*LT_TC_OP_44_1_1' from '(none)' to 'ZeroWireload'. (OPT-170)
Information: Changed wire load model for 'DW01_cmp2_width18' from '(none)' to 'ZeroWireload'. (OPT-170)
Information: Changed wire load model for '*GT_UNS_OP_18_18_1' from '(none)' to 'ZeroWireload'. (OPT-170)
Information: Changed wire load model for 'DW01_cmp2_width44' from '(none)' to 'ZeroWireload'. (OPT-170)
Information: Changed wire load model for '*LT_TC_OP_44_1_1' from '(none)' to 'ZeroWireload'. (OPT-170)
Information: Changed wire load model for 'DW01_cmp2_width44' from '(none)' to 'ZeroWireload'. (OPT-170)
Information: Changed wire load model for '*LT_TC_OP_44_20_1' from '(none)' to 'ZeroWireload'. (OPT-170)
Information: Changed wire load model for 'DW01_cmp2_width44' from '(none)' to 'ZeroWireload'. (OPT-170)
Information: Changed wire load model for '*GT_TC_OP_44_20_1' from '(none)' to 'ZeroWireload'. (OPT-170)
Information: Changed wire load model for 'DW01_cmp2_width14' from '(none)' to 'ZeroWireload'. (OPT-170)
Information: Changed wire load model for '*GT_UNS_OP_14_14_1' from '(none)' to 'ZeroWireload'. (OPT-170)
Information: Changed wire load model for 'DW01_cmp2_width44' from '(none)' to 'ZeroWireload'. (OPT-170)
Information: Changed wire load model for '*LT_TC_OP_44_1_1' from '(none)' to 'ZeroWireload'. (OPT-170)
Information: Changed wire load model for 'DW01_cmp2_width44' from '(none)' to 'ZeroWireload'. (OPT-170)
Information: Changed wire load model for '*LT_TC_OP_44_20_1' from '(none)' to 'ZeroWireload'. (OPT-170)
Information: Changed wire load model for 'DW01_cmp2_width44' from '(none)' to 'ZeroWireload'. (OPT-170)
Information: Changed wire load model for '*GT_TC_OP_44_20_1' from '(none)' to 'ZeroWireload'. (OPT-170)
Information: Changed wire load model for 'DW01_cmp2_width14' from '(none)' to 'ZeroWireload'. (OPT-170)
Information: Changed wire load model for '*GT_UNS_OP_14_14_1' from '(none)' to 'ZeroWireload'. (OPT-170)
Information: Changed wire load model for 'DW01_cmp2_width44' from '(none)' to 'ZeroWireload'. (OPT-170)
Information: Changed wire load model for '*LT_TC_OP_44_1_1' from '(none)' to 'ZeroWireload'. (OPT-170)
Information: Changed wire load model for 'DW01_cmp2_width64' from '(none)' to 'ZeroWireload'. (OPT-170)
Information: Changed wire load model for '*GT_UNS_OP_64_20_1' from '(none)' to 'ZeroWireload'. (OPT-170)
Information: Changed wire load model for 'DW01_cmp6_width64' from '(none)' to 'ZeroWireload'. (OPT-170)
Information: Changed wire load model for '*EQ_UNS_OP_20_64_1' from '(none)' to 'ZeroWireload'. (OPT-170)
Information: Changed wire load model for 'DW01_cmp2_width64' from '(none)' to 'ZeroWireload'. (OPT-170)
Information: Changed wire load model for '*GT_UNS_OP_20_64_1' from '(none)' to 'ZeroWireload'. (OPT-170)
Information: Changed wire load model for 'DW01_ash_A_width64_SH_width32' from '(none)' to 'ZeroWireload'. (OPT-170)
Information: Changed wire load model for '*ASH_UNS_UNS_OP_64_32_64' from '(none)' to 'ZeroWireload'. (OPT-170)
Information: Changed wire load model for 'DW01_cmp2_width32' from '(none)' to 'ZeroWireload'. (OPT-170)
Information: Changed wire load model for '*LEQ_TC_OP_32_1_1' from '(none)' to 'ZeroWireload'. (OPT-170)
Information: Changed wire load model for 'DW01_ash_A_width64_SH_width32' from '(none)' to 'ZeroWireload'. (OPT-170)
Information: Changed wire load model for '*ASH_UNS_UNS_OP_64_32_64' from '(none)' to 'ZeroWireload'. (OPT-170)
Information: Changed wire load model for 'DW01_cmp2_width32' from '(none)' to 'ZeroWireload'. (OPT-170)
Information: Changed wire load model for '*GEQ_TC_OP_32_1_1' from '(none)' to 'ZeroWireload'. (OPT-170)
Information: Changed wire load model for 'DW01_cmp6_width64' from '(none)' to 'ZeroWireload'. (OPT-170)
Information: Changed wire load model for '*EQ_UNS_OP_22_64_1' from '(none)' to 'ZeroWireload'. (OPT-170)
Information: Changed wire load model for 'DW01_cmp2_width64' from '(none)' to 'ZeroWireload'. (OPT-170)
Information: Changed wire load model for '*GT_UNS_OP_22_64_1' from '(none)' to 'ZeroWireload'. (OPT-170)
Information: Changed wire load model for 'DW01_ash_A_width64_SH_width32' from '(none)' to 'ZeroWireload'. (OPT-170)
Information: Changed wire load model for '*ASH_UNS_UNS_OP_64_32_64' from '(none)' to 'ZeroWireload'. (OPT-170)
Information: Changed wire load model for 'DW01_cmp2_width32' from '(none)' to 'ZeroWireload'. (OPT-170)
Information: Changed wire load model for '*LEQ_TC_OP_32_1_1' from '(none)' to 'ZeroWireload'. (OPT-170)
Information: Changed wire load model for 'DW01_ash_A_width64_SH_width32' from '(none)' to 'ZeroWireload'. (OPT-170)
Information: Changed wire load model for '*ASH_UNS_UNS_OP_64_32_64' from '(none)' to 'ZeroWireload'. (OPT-170)
Information: Changed wire load model for 'DW01_cmp2_width32' from '(none)' to 'ZeroWireload'. (OPT-170)
Information: Changed wire load model for '*LT_TC_OP_32_1_1' from '(none)' to 'ZeroWireload'. (OPT-170)
Information: Updating design information... (UID-85)
Warning: Design 'm235_dynamic_bn_segmented_lut_newton_coefficient_engine' contains 1 high-fanout nets. A fanout number of 1000 will be used for delay calculations involving these nets. (TIM-134)

Information: Checking generated_clocks...

Information: Checking loops...

Information: Checking no_input_delay...

Information: Checking unconstrained_endpoints...

Information: Checking pulse_clock_cell_type...

Information: Checking no_driving_cell...

Information: Checking partial_input_delay...
1
