****************************************
Report : Switching Activity
	-coverage
	-include_mapping_types
Design : m405_q32_elastic_selected_slice
Version: W-2024.09-SP3
Date   : Wed Aug 26 08:44:13 2026
****************************************

 Switching Activity Coverage for design "m405_q32_elastic_selected_slice"
------------------------------------------------------------------------------------------------------------------------
 Coverage is defined as the percent of nets with at least 1 toggle
------------------------------------------------------------------------------------------------------------------------
Block                                  % Nets Covered      # Nets Covered      Total Nets
                                                                               Counted
m405_q32_elastic_selected_slice        95.73               21827               22800
------------------------------------------------------------------------------------------------------------------------
1
