
  Linking design 'm514_c2_convtranspose_k3s2_polyphase_address_mapper'
  Using the following designs and libraries:
  --------------------------------------------------------------------------
  m514_c2_convtranspose_k3s2_polyphase_address_mapper /home/zhumd/work/sdformer_codex/SDformer/hw_autoresearch_nts07/m514_c2_convtranspose_k3s2_polyphase_address_mapper.db
  tcbn28hpcplusbwp35p140ssg0p9v125c (library) /opt/tech/tsmc28/StandardCell/tcbn28hpcplusbwp35p140_190a/TSMCHOME/digital/Front_End/timing_power_noise/NLDM/tcbn28hpcplusbwp35p140_180a/tcbn28hpcplusbwp35p140ssg0p9v125c.db
  tcbn28hpcplusbwp35p140ffg1p05vm40c (library) /opt/tech/tsmc28/StandardCell/tcbn28hpcplusbwp35p140_190a/TSMCHOME/digital/Front_End/timing_power_noise/NLDM/tcbn28hpcplusbwp35p140_180a/tcbn28hpcplusbwp35p140ffg1p05vm40c.db

Using operating conditions 'ssg0p9v125c' found in library 'tcbn28hpcplusbwp35p140ssg0p9v125c'.
Current design is 'm514_c2_convtranspose_k3s2_polyphase_address_mapper'.
Current design is 'm514_c2_convtranspose_k3s2_polyphase_address_mapper'.
1
