 
****************************************
Report : area
Design : m188_fc2_dual_window_k7_weakest_bank_defer_frontend
Version: V-2023.12-SP3
Date   : Tue Aug 25 01:20:28 2026
****************************************

Library(s) Used:

    tcbn28hpcplusbwp35p140ssg0p9v125c (File: /opt/tech/tsmc28/StandardCell/tcbn28hpcplusbwp35p140_190a/TSMCHOME/digital/Front_End/timing_power_noise/NLDM/tcbn28hpcplusbwp35p140_180a/tcbn28hpcplusbwp35p140ssg0p9v125c.db)

Number of ports:                          311
Number of nets:                         15854
Number of cells:                        15637
Number of combinational cells:          13723
Number of sequential cells:              1914
Number of macros/black boxes:               0
Number of buf/inv:                       4598
Number of references:                     119

Combinational area:               6559.055970
Buf/Inv area:                     1363.949998
Noncombinational area:            3858.624062
Macro/Black Box area:                0.000000
Net Interconnect area:      undefined  (Wire load has zero net area)

Total cell area:                 10417.680032
Total area:                 undefined

Hierarchical area distribution
------------------------------

                                  Global cell area           Local cell area
                                  -------------------  ---------------------------- 
Hierarchical cell                 Absolute    Percent  Combi-     Noncombi-  Black-
                                  Total       Total    national   national   boxes   Design
--------------------------------  ----------  -------  ---------  ---------  ------  ---------
m188_fc2_dual_window_k7_weakest_bank_defer_frontend
                                  10417.6800    100.0  6559.0560  3858.6241  0.0000  m188_fc2_dual_window_k7_weakest_bank_defer_frontend
--------------------------------  ----------  -------  ---------  ---------  ------  ---------
Total                                                  6559.0560  3858.6241  0.0000

1
