 
****************************************
Report : area
Design : m528_dead_write_only_1rw_product_capture_island_r2
Version: V-2023.12-SP3
Date   : Sat Aug 29 10:45:34 2026
****************************************

Library(s) Used:

    tcbn28hpcplusbwp35p140ssg0p9v125c (File: /opt/tech/tsmc28/StandardCell/tcbn28hpcplusbwp35p140_190a/TSMCHOME/digital/Front_End/timing_power_noise/NLDM/tcbn28hpcplusbwp35p140_180a/tcbn28hpcplusbwp35p140ssg0p9v125c.db)
    ts1n28hpcphvtb128x128m4s_ssg0p9v125c (File: /home/zhumd/work/synopsys_date_dual/hw_autoresearch_nts07/macro_assets/tsmc28_128x128_1rw_20260821/ts1n28hpcphvtb128x128m4s_180a_ssg0p9v125c.db)

Number of ports:                         8019
Number of nets:                         99308
Number of cells:                        86359
Number of combinational cells:          74059
Number of sequential cells:             12290
Number of macros/black boxes:               9
Number of buf/inv:                      22902
Number of references:                     247

Combinational area:              51769.367721
Buf/Inv area:                     6449.184071
Noncombinational area:           25800.263165
Macro/Black Box area:            78825.243164
Net Interconnect area:      undefined  (Wire load has zero net area)

Total cell area:                156394.874050
Total area:                 undefined

Hierarchical area distribution
------------------------------

                                  Global cell area               Local cell area
                                  --------------------  ---------------------------------- 
Hierarchical cell                 Absolute     Percent  Combi-      Noncombi-   Black-
                                  Total        Total    national    national    boxes       Design
--------------------------------  -----------  -------  ----------  ----------  ----------  -------------------------------------
m528_dead_write_only_1rw_product_capture_island_r2
                                  156394.8741    100.0  51768.2337  25800.2632      0.0000  m528_dead_write_only_1rw_product_capture_island_r2
u_parent_scratch                   78826.3772     50.4      1.1340      0.0000  78825.2432  m528_dw1rw_parent_scratch_9x128_macro
--------------------------------  -----------  -------  ----------  ----------  ----------  -------------------------------------
Total                                                   51769.3677  25800.2632  78825.2432

1
