 
****************************************
Report : area
Design : m803_fc2_channel_split_registered_release_matched_8bank_raw4_acc24_ARCH_MODE2
Version: V-2023.12-SP3
Date   : Sat Aug 29 09:04:36 2026
****************************************

Library(s) Used:

    tcbn28hpcplusbwp35p140ssg0p9v125c (File: /opt/tech/tsmc28/StandardCell/tcbn28hpcplusbwp35p140_190a/TSMCHOME/digital/Front_End/timing_power_noise/NLDM/tcbn28hpcplusbwp35p140_180a/tcbn28hpcplusbwp35p140ssg0p9v125c.db)

Number of ports:                         3321
Number of nets:                        598257
Number of cells:                       590216
Number of combinational cells:         432122
Number of sequential cells:            158094
Number of macros/black boxes:               0
Number of buf/inv:                      35616
Number of references:                     109

Combinational area:             286681.495906
Buf/Inv area:                    10538.387985
Noncombinational area:          298797.657738
Macro/Black Box area:                0.000000
Net Interconnect area:      undefined  (Wire load has zero net area)

Total cell area:                585479.153645
Total area:                 undefined

Hierarchical area distribution
------------------------------

                                  Global cell area              Local cell area
                                  --------------------  -------------------------------- 
Hierarchical cell                 Absolute     Percent  Combi-       Noncombi-    Black-
                                  Total        Total    national     national     boxes   Design
--------------------------------  -----------  -------  -----------  -----------  ------  ---------
m803_fc2_channel_split_registered_release_matched_8bank_raw4_acc24_ARCH_MODE2
                                  585479.1536    100.0  286681.4959  298797.6577  0.0000  m803_fc2_channel_split_registered_release_matched_8bank_raw4_acc24_ARCH_MODE2
--------------------------------  -----------  -------  -----------  -----------  ------  ---------
Total                                                   286681.4959  298797.6577  0.0000

1
