 
****************************************
Report : qor
Design : guarded_wordpacked_pwp_stream
Version: V-2023.12-SP3
Date   : Mon Aug 24 05:36:21 2026
****************************************


  Timing Path Group 'core_clk'
  -----------------------------------
  Levels of Logic:             196.00
  Critical Path Length:          3.57
  Critical Path Slack:          -0.54
  Critical Path Clk Period:      3.50
  Total Negative Slack:         -0.54
  No. of Violating Paths:        1.00
  Worst Hold Violation:          0.00
  Total Hold Violation:          0.00
  No. of Hold Violations:        0.00
  -----------------------------------


  Cell Count
  -----------------------------------
  Hierarchical Cell Count:          1
  Hierarchical Port Count:       1494
  Leaf Cell Count:              34715
  Buf/Inv Cell Count:            8356
  Buf Cell Count:                2472
  Inv Cell Count:                5884
  CT Buf/Inv Cell Count:            0
  Combinational Cell Count:     31607
  Sequential Cell Count:         3108
  Macro Count:                      0
  -----------------------------------


  Area
  -----------------------------------
  Combinational Area:    29209.068051
  Noncombinational Area:  6266.232100
  Buf/Inv Area:           3087.503992
  Total Buffer Area:           993.76
  Total Inverter Area:        2093.74
  Macro/Black Box Area:      0.000000
  Net Area:                  0.000000
  -----------------------------------
  Cell Area:             35475.300151
  Design Area:           35475.300151


  Design Rules
  -----------------------------------
  Total Number of Nets:         36281
  Nets With Violations:             0
  Max Trans Violations:             0
  Max Cap Violations:               0
  -----------------------------------


  Hostname: ic.ismd-nemo

  Compile CPU Statistics
  -----------------------------------------
  Resource Sharing:                    0.01
  Logic Optimization:                  1.01
  Mapping Optimization:              144.04
  -----------------------------------------
  Overall Compile Time:              154.73
  Overall Compile Wall Clock Time:   156.31

  --------------------------------------------------------------------

  Design  WNS: 0.54  TNS: 0.54  Number of Violating Paths: 1


  Design (Hold)  WNS: 0.00  TNS: 0.00  Number of Violating Paths: 0

  --------------------------------------------------------------------


1
