 
****************************************
Report : hierarchy
Design : m135_conflict_free_16bank_pwp_frontend
Version: V-2023.12-SP3
Date   : Mon Aug 24 11:04:20 2026
****************************************

Attributes:
    r - licensed design

m135_conflict_free_16bank_pwp_frontend
    AN2D0BWP35P140                                   tcbn28hpcplusbwp35p140ssg0p9v125c
    AOI21D0BWP35P140                                 tcbn28hpcplusbwp35p140ssg0p9v125c
    BUFFD1BWP35P140                                  tcbn28hpcplusbwp35p140ssg0p9v125c
    CKBD1BWP35P140                                   tcbn28hpcplusbwp35p140ssg0p9v125c
    CKND0BWP35P140                                   tcbn28hpcplusbwp35p140ssg0p9v125c
    DEL025D1BWP35P140                                tcbn28hpcplusbwp35p140ssg0p9v125c
    DFKCNQD1BWP35P140                                tcbn28hpcplusbwp35p140ssg0p9v125c
    IAO21D1BWP35P140                                 tcbn28hpcplusbwp35p140ssg0p9v125c
    IND4D1BWP35P140                                  tcbn28hpcplusbwp35p140ssg0p9v125c
    INR3D0BWP35P140                                  tcbn28hpcplusbwp35p140ssg0p9v125c
    OA21D0BWP35P140                                  tcbn28hpcplusbwp35p140ssg0p9v125c
    m133_dualrow512_elastic_pwp_stream                         r
        AN2D0BWP35P140                               tcbn28hpcplusbwp35p140ssg0p9v125c
        AN3D0BWP35P140                               tcbn28hpcplusbwp35p140ssg0p9v125c
        AN4D0BWP35P140                               tcbn28hpcplusbwp35p140ssg0p9v125c
        AO21D0BWP35P140                              tcbn28hpcplusbwp35p140ssg0p9v125c
        AO21D1BWP35P140                              tcbn28hpcplusbwp35p140ssg0p9v125c
        AO22D0BWP35P140                              tcbn28hpcplusbwp35p140ssg0p9v125c
        AO211D0BWP35P140                             tcbn28hpcplusbwp35p140ssg0p9v125c
        AOI21D0BWP35P140                             tcbn28hpcplusbwp35p140ssg0p9v125c
        AOI22D0BWP35P140                             tcbn28hpcplusbwp35p140ssg0p9v125c
        AOI31D0BWP35P140                             tcbn28hpcplusbwp35p140ssg0p9v125c
        AOI32D0BWP35P140                             tcbn28hpcplusbwp35p140ssg0p9v125c
        AOI211D0BWP35P140                            tcbn28hpcplusbwp35p140ssg0p9v125c
        AOI221D0BWP35P140                            tcbn28hpcplusbwp35p140ssg0p9v125c
        AOI221D1BWP35P140                            tcbn28hpcplusbwp35p140ssg0p9v125c
        BUFFD1BWP35P140                              tcbn28hpcplusbwp35p140ssg0p9v125c
        CKBD1BWP35P140                               tcbn28hpcplusbwp35p140ssg0p9v125c
        CKND0BWP35P140                               tcbn28hpcplusbwp35p140ssg0p9v125c
        CKND2D1BWP35P140                             tcbn28hpcplusbwp35p140ssg0p9v125c
        DEL025D1BWP35P140                            tcbn28hpcplusbwp35p140ssg0p9v125c
        DFKCNQD1BWP35P140                            tcbn28hpcplusbwp35p140ssg0p9v125c
        IAO21D1BWP35P140                             tcbn28hpcplusbwp35p140ssg0p9v125c
        IND4D1BWP35P140                              tcbn28hpcplusbwp35p140ssg0p9v125c
        INR2D1BWP35P140                              tcbn28hpcplusbwp35p140ssg0p9v125c
        INR4D0BWP35P140                              tcbn28hpcplusbwp35p140ssg0p9v125c
        INVD1BWP35P140                               tcbn28hpcplusbwp35p140ssg0p9v125c
        INVD4BWP35P140                               tcbn28hpcplusbwp35p140ssg0p9v125c
        IOA21D0BWP35P140                             tcbn28hpcplusbwp35p140ssg0p9v125c
        MAOI22D0BWP35P140                            tcbn28hpcplusbwp35p140ssg0p9v125c
        MOAI22D0BWP35P140                            tcbn28hpcplusbwp35p140ssg0p9v125c
        ND2D0BWP35P140                               tcbn28hpcplusbwp35p140ssg0p9v125c
        ND2D1BWP35P140                               tcbn28hpcplusbwp35p140ssg0p9v125c
        ND2OPTPAD1BWP35P140                          tcbn28hpcplusbwp35p140ssg0p9v125c
        ND3D0BWP35P140                               tcbn28hpcplusbwp35p140ssg0p9v125c
        ND3D1BWP35P140                               tcbn28hpcplusbwp35p140ssg0p9v125c
        ND4D0BWP35P140                               tcbn28hpcplusbwp35p140ssg0p9v125c
        ND4D1BWP35P140                               tcbn28hpcplusbwp35p140ssg0p9v125c
        NR2D0BWP35P140                               tcbn28hpcplusbwp35p140ssg0p9v125c
        NR2D1BWP35P140                               tcbn28hpcplusbwp35p140ssg0p9v125c
        NR3D0BWP35P140                               tcbn28hpcplusbwp35p140ssg0p9v125c
        NR3D0P7BWP35P140                             tcbn28hpcplusbwp35p140ssg0p9v125c
        NR4D0BWP35P140                               tcbn28hpcplusbwp35p140ssg0p9v125c
        OA21D0BWP35P140                              tcbn28hpcplusbwp35p140ssg0p9v125c
        OA211D1BWP35P140                             tcbn28hpcplusbwp35p140ssg0p9v125c
        OAI21D0BWP35P140                             tcbn28hpcplusbwp35p140ssg0p9v125c
        OAI22D0BWP35P140                             tcbn28hpcplusbwp35p140ssg0p9v125c
        OAI22D1BWP35P140                             tcbn28hpcplusbwp35p140ssg0p9v125c
        OAI31D0BWP35P140                             tcbn28hpcplusbwp35p140ssg0p9v125c
        OAI32D0BWP35P140                             tcbn28hpcplusbwp35p140ssg0p9v125c
        OAI211D0BWP35P140                            tcbn28hpcplusbwp35p140ssg0p9v125c
        OR2D0BWP35P140                               tcbn28hpcplusbwp35p140ssg0p9v125c
        OR4D1BWP35P140                               tcbn28hpcplusbwp35p140ssg0p9v125c
        TIEHBWP35P140                                tcbn28hpcplusbwp35p140ssg0p9v125c
    m134_conflict_free_16bank_dualrow_mapper                   r
        AO21D0BWP35P140                              tcbn28hpcplusbwp35p140ssg0p9v125c
        AO22D0BWP35P140                              tcbn28hpcplusbwp35p140ssg0p9v125c
        AOI21D0BWP35P140                             tcbn28hpcplusbwp35p140ssg0p9v125c
        AOI22D0BWP35P140                             tcbn28hpcplusbwp35p140ssg0p9v125c
        AOI211D0BWP35P140                            tcbn28hpcplusbwp35p140ssg0p9v125c
        AOI211D1BWP35P140                            tcbn28hpcplusbwp35p140ssg0p9v125c
        AOI221D0BWP35P140                            tcbn28hpcplusbwp35p140ssg0p9v125c
        AOI221D1BWP35P140                            tcbn28hpcplusbwp35p140ssg0p9v125c
        BUFFD1BWP35P140                              tcbn28hpcplusbwp35p140ssg0p9v125c
        CKBD1BWP35P140                               tcbn28hpcplusbwp35p140ssg0p9v125c
        CKND0BWP35P140                               tcbn28hpcplusbwp35p140ssg0p9v125c
        CKND2D1BWP35P140                             tcbn28hpcplusbwp35p140ssg0p9v125c
        DEL025D1BWP35P140                            tcbn28hpcplusbwp35p140ssg0p9v125c
        IND2D1BWP35P140                              tcbn28hpcplusbwp35p140ssg0p9v125c
        INR2D1BWP35P140                              tcbn28hpcplusbwp35p140ssg0p9v125c
        INVD1BWP35P140                               tcbn28hpcplusbwp35p140ssg0p9v125c
        MAOI22D0BWP35P140                            tcbn28hpcplusbwp35p140ssg0p9v125c
        MUX2ND0BWP35P140                             tcbn28hpcplusbwp35p140ssg0p9v125c
        ND2D0BWP35P140                               tcbn28hpcplusbwp35p140ssg0p9v125c
        ND2D1BWP35P140                               tcbn28hpcplusbwp35p140ssg0p9v125c
        ND3D0BWP35P140                               tcbn28hpcplusbwp35p140ssg0p9v125c
        ND3D1BWP35P140                               tcbn28hpcplusbwp35p140ssg0p9v125c
        ND4D0BWP35P140                               tcbn28hpcplusbwp35p140ssg0p9v125c
        NR2D0BWP35P140                               tcbn28hpcplusbwp35p140ssg0p9v125c
        NR2D1BWP35P140                               tcbn28hpcplusbwp35p140ssg0p9v125c
        NR3D0BWP35P140                               tcbn28hpcplusbwp35p140ssg0p9v125c
        OA21D0BWP35P140                              tcbn28hpcplusbwp35p140ssg0p9v125c
        OA211D0BWP35P140                             tcbn28hpcplusbwp35p140ssg0p9v125c
        OAI21D0BWP35P140                             tcbn28hpcplusbwp35p140ssg0p9v125c
        OAI22D0BWP35P140                             tcbn28hpcplusbwp35p140ssg0p9v125c
        OAI22D1BWP35P140                             tcbn28hpcplusbwp35p140ssg0p9v125c
        OAI211D0BWP35P140                            tcbn28hpcplusbwp35p140ssg0p9v125c
        OR2D0BWP35P140                               tcbn28hpcplusbwp35p140ssg0p9v125c
        OR2D1BWP35P140                               tcbn28hpcplusbwp35p140ssg0p9v125c
1
