 
****************************************
check_design summary:
Version:     V-2023.12-SP3
Date:        Mon Aug 24 11:01:50 2026
****************************************

                   Name                                            Total
--------------------------------------------------------------------------------
Inputs/Outputs                                                     16
    Shorted outputs (LINT-31)                                      16

Cells                                                               2
    Cells do not drive (LINT-1)                                     2
--------------------------------------------------------------------------------

Warning: In design 'm134_conflict_free_16bank_dualrow_mapper', cell 'B_23' does not drive any nets. (LINT-1)
Warning: In design 'm133_dualrow512_elastic_pwp_stream', cell 'C39472' does not drive any nets. (LINT-1)
Warning: In design 'm134_conflict_free_16bank_dualrow_mapper', output port 'bank_use_mask[15]' is connected directly to output port 'conflict_free'. (LINT-31)
Warning: In design 'm134_conflict_free_16bank_dualrow_mapper', output port 'bank_use_mask[15]' is connected directly to output port 'bank_use_mask[0]'. (LINT-31)
Warning: In design 'm134_conflict_free_16bank_dualrow_mapper', output port 'bank_use_mask[15]' is connected directly to output port 'bank_use_mask[1]'. (LINT-31)
Warning: In design 'm134_conflict_free_16bank_dualrow_mapper', output port 'bank_use_mask[15]' is connected directly to output port 'bank_use_mask[2]'. (LINT-31)
Warning: In design 'm134_conflict_free_16bank_dualrow_mapper', output port 'bank_use_mask[15]' is connected directly to output port 'bank_use_mask[3]'. (LINT-31)
Warning: In design 'm134_conflict_free_16bank_dualrow_mapper', output port 'bank_use_mask[15]' is connected directly to output port 'bank_use_mask[4]'. (LINT-31)
Warning: In design 'm134_conflict_free_16bank_dualrow_mapper', output port 'bank_use_mask[15]' is connected directly to output port 'bank_use_mask[5]'. (LINT-31)
Warning: In design 'm134_conflict_free_16bank_dualrow_mapper', output port 'bank_use_mask[15]' is connected directly to output port 'bank_use_mask[6]'. (LINT-31)
Warning: In design 'm134_conflict_free_16bank_dualrow_mapper', output port 'bank_use_mask[15]' is connected directly to output port 'bank_use_mask[7]'. (LINT-31)
Warning: In design 'm134_conflict_free_16bank_dualrow_mapper', output port 'bank_use_mask[15]' is connected directly to output port 'bank_use_mask[8]'. (LINT-31)
Warning: In design 'm134_conflict_free_16bank_dualrow_mapper', output port 'bank_use_mask[15]' is connected directly to output port 'bank_use_mask[9]'. (LINT-31)
Warning: In design 'm134_conflict_free_16bank_dualrow_mapper', output port 'bank_use_mask[15]' is connected directly to output port 'bank_use_mask[10]'. (LINT-31)
Warning: In design 'm134_conflict_free_16bank_dualrow_mapper', output port 'bank_use_mask[15]' is connected directly to output port 'bank_use_mask[11]'. (LINT-31)
Warning: In design 'm134_conflict_free_16bank_dualrow_mapper', output port 'bank_use_mask[15]' is connected directly to output port 'bank_use_mask[12]'. (LINT-31)
Warning: In design 'm134_conflict_free_16bank_dualrow_mapper', output port 'bank_use_mask[15]' is connected directly to output port 'bank_use_mask[13]'. (LINT-31)
Warning: In design 'm134_conflict_free_16bank_dualrow_mapper', output port 'bank_use_mask[15]' is connected directly to output port 'bank_use_mask[14]'. (LINT-31)
1
