 
****************************************
check_design summary:
Version:     V-2023.12-SP3
Date:        Tue Aug 25 00:21:21 2026
****************************************

                   Name                                            Total
--------------------------------------------------------------------------------
Cells                                                              22
    Cells do not drive (LINT-1)                                    22
--------------------------------------------------------------------------------

Warning: In design 'm184_fc2_dual_window_k8_fixed_bank_frontend', cell 'B_11854' does not drive any nets. (LINT-1)
Warning: In design 'm184_fc2_dual_window_k8_fixed_bank_frontend', cell 'B_11855' does not drive any nets. (LINT-1)
Warning: In design 'm184_fc2_dual_window_k8_fixed_bank_frontend', cell 'B_11856' does not drive any nets. (LINT-1)
Warning: In design 'm184_fc2_dual_window_k8_fixed_bank_frontend', cell 'B_11857' does not drive any nets. (LINT-1)
Warning: In design 'm184_fc2_dual_window_k8_fixed_bank_frontend', cell 'B_11858' does not drive any nets. (LINT-1)
Warning: In design 'm184_fc2_dual_window_k8_fixed_bank_frontend', cell 'B_11859' does not drive any nets. (LINT-1)
Warning: In design 'm184_fc2_dual_window_k8_fixed_bank_frontend', cell 'B_11860' does not drive any nets. (LINT-1)
Warning: In design 'm184_fc2_dual_window_k8_fixed_bank_frontend', cell 'B_11861' does not drive any nets. (LINT-1)
Warning: In design 'm184_fc2_dual_window_k8_fixed_bank_frontend', cell 'B_11862' does not drive any nets. (LINT-1)
Warning: In design 'm184_fc2_dual_window_k8_fixed_bank_frontend', cell 'B_11863' does not drive any nets. (LINT-1)
Warning: In design 'm184_fc2_dual_window_k8_fixed_bank_frontend', cell 'B_11864' does not drive any nets. (LINT-1)
Warning: In design 'm184_fc2_dual_window_k8_fixed_bank_frontend', cell 'B_11865' does not drive any nets. (LINT-1)
Warning: In design 'm184_fc2_dual_window_k8_fixed_bank_frontend', cell 'C144949' does not drive any nets. (LINT-1)
Warning: In design 'm184_fc2_dual_window_k8_fixed_bank_frontend', cell 'C145034' does not drive any nets. (LINT-1)
Warning: In design 'm184_fc2_dual_window_k8_fixed_bank_frontend', cell 'C145759' does not drive any nets. (LINT-1)
Warning: In design 'm184_fc2_dual_window_k8_fixed_bank_frontend', cell 'C150372' does not drive any nets. (LINT-1)
Warning: In design 'm184_fc2_dual_window_k8_fixed_bank_frontend', cell 'C154985' does not drive any nets. (LINT-1)
Warning: In design 'm184_fc2_dual_window_k8_fixed_bank_frontend', cell 'C159598' does not drive any nets. (LINT-1)
Warning: In design 'm184_fc2_dual_window_k8_fixed_bank_frontend', cell 'C164211' does not drive any nets. (LINT-1)
Warning: In design 'm184_fc2_dual_window_k8_fixed_bank_frontend', cell 'C168824' does not drive any nets. (LINT-1)
Warning: In design 'm184_fc2_dual_window_k8_fixed_bank_frontend', cell 'C173437' does not drive any nets. (LINT-1)
Warning: In design 'm184_fc2_dual_window_k8_fixed_bank_frontend', cell 'C178051' does not drive any nets. (LINT-1)
1
