 
****************************************
Report : qor
Design : operator_slice_NORMALIZED0
Version: V-2023.12-SP3
Date   : Tue Sep 15 22:10:19 2026
****************************************


  Timing Path Group 'core_clk'
  -----------------------------------
  Levels of Logic:              70.00
  Critical Path Length:          2.67
  Critical Path Slack:           0.11
  Critical Path Clk Period:      3.00
  Total Negative Slack:          0.00
  No. of Violating Paths:        0.00
  Worst Hold Violation:          0.00
  Total Hold Violation:          0.00
  No. of Hold Violations:        0.00
  -----------------------------------


  Cell Count
  -----------------------------------
  Hierarchical Cell Count:          0
  Hierarchical Port Count:          0
  Leaf Cell Count:               5207
  Buf/Inv Cell Count:             405
  Buf Cell Count:                  14
  Inv Cell Count:                 391
  CT Buf/Inv Cell Count:            0
  Combinational Cell Count:      3874
  Sequential Cell Count:         1333
  Macro Count:                      0
  -----------------------------------


  Area
  -----------------------------------
  Combinational Area:     2773.889963
  Noncombinational Area:  2519.369981
  Buf/Inv Area:            103.824001
  Total Buffer Area:             5.29
  Total Inverter Area:          98.53
  Macro/Black Box Area:      0.000000
  Net Area:                  0.000000
  -----------------------------------
  Cell Area:              5293.259944
  Design Area:            5293.259944


  Design Rules
  -----------------------------------
  Total Number of Nets:          5679
  Nets With Violations:             0
  Max Trans Violations:             0
  Max Cap Violations:               0
  -----------------------------------


  Hostname: ic.ismd-nemo

  Compile CPU Statistics
  -----------------------------------------
  Resource Sharing:                    1.26
  Logic Optimization:                  1.32
  Mapping Optimization:                7.69
  -----------------------------------------
  Overall Compile Time:               37.50
  Overall Compile Wall Clock Time:    40.28

  --------------------------------------------------------------------

  Design  WNS: 0.00  TNS: 0.00  Number of Violating Paths: 0


  Design (Hold)  WNS: 0.00  TNS: 0.00  Number of Violating Paths: 0

  --------------------------------------------------------------------


1
