 
****************************************
Report : resources
Design : m514_c2_convtranspose_k3s2_polyphase_address_mapper
Version: V-2023.12-SP3
Date   : Thu Aug 27 14:58:36 2026
****************************************


Resource sharing reports are created during the compile command,
so the design must be compiled before resource sharing can be reported.

No implementations to report

No resource sharing information to report.
 
****************************************
Design : *ADD_UNS_OP_4_2_4
****************************************

No implementations to report

No resource sharing information to report.
 
****************************************
Design : DW01_add_width4
****************************************

No implementations to report

No resource sharing information to report.
 
****************************************
Design : *MULT_UNS_OP_2_2_4
****************************************

No implementations to report
 
****************************************
Design : DW02_mult_A_width2_B_width2
****************************************

Resource Sharing Report for design DW02_mult_A_width2_B_width2

===============================================================================
|          |              |            | Contained     |                      |
| Resource | Module       | Parameters | Resources     | Contained Operations |
===============================================================================
| r55      | DW01_absval  | width=2    |               | A2_1                 |
| r57      | DW01_absval  | width=2    |               | A2_2                 |
| r59      | DW01_inc     | width=4    |               | A3                   |
===============================================================================


No implementations to report

No resource sharing information to report.
 
****************************************
Design : *ADD_UNS_OP_10_1_10
****************************************

No implementations to report

No resource sharing information to report.
 
****************************************
Design : DW01_inc_width10
****************************************

No implementations to report

No resource sharing information to report.
 
****************************************
Design : *SUB_UNS_OP_10_1_10
****************************************

No implementations to report

No resource sharing information to report.
 
****************************************
Design : DW01_dec_width10
****************************************

No implementations to report

No resource sharing information to report.
 
****************************************
Design : *ADD_UNS_OP_10_1_10
****************************************

No implementations to report

No resource sharing information to report.
 
****************************************
Design : DW01_inc_width10
****************************************

No implementations to report

No resource sharing information to report.
 
****************************************
Design : *SUB_UNS_OP_10_1_10
****************************************

No implementations to report

No resource sharing information to report.
 
****************************************
Design : DW01_dec_width10
****************************************

No implementations to report

No resource sharing information to report.
 
****************************************
Design : *LT_UNS_OP_10_10_1
****************************************

No implementations to report

No resource sharing information to report.
 
****************************************
Design : DW01_cmp2_width10
****************************************

No implementations to report

No resource sharing information to report.
 
****************************************
Design : *LT_UNS_OP_10_10_1
****************************************

No implementations to report

No resource sharing information to report.
 
****************************************
Design : DW01_cmp2_width10
****************************************

No implementations to report
1
